Microchip MPLAB XC8 Compiler V2.32

Linker command line:

-W-3 --edf=C:\Program Files\Microchip\xc8\v2.32\pic\dat\en_msgs.txt -cn \
  -h+dist/default/production\controladorPID.X.production.sym \
  --cmf=dist/default/production\controladorPID.X.production.cmf -z \
  -Q16F877A -oC:\Users\leoba\AppData\Local\Temp\xcAsuk.4 \
  --defsym=__MPLAB_BUILD=1 \
  -Mdist/default/production/controladorPID.X.production.map -E1 \
  -ver=XC8 Compiler --acfsm=1493 -ASTACK=0110h-016Fh -pstack=STACK \
  -ACODE=00h-07FFhx4 -ASTRCODE=00h-01FFFh -ASTRING=00h-0FFhx32 \
  -ACONST=00h-0FFhx32 -AENTRY=00h-0FFhx32 -ACOMMON=070h-07Fh \
  -ABANK0=020h-06Fh -ABANK1=0A0h-0EFh -ABANK2=0110h-016Fh \
  -ABANK3=0190h-01EFh -ARAM=020h-06Fh,0A0h-0EFh,0110h-016Fh,0190h-01EFh \
  -AABS1=020h-07Fh,0A0h-0EFh,0110h-016Fh,0190h-01EFh -ASFR0=00h-01Fh \
  -ASFR1=080h-09Fh -ASFR2=0100h-010Fh -ASFR3=0180h-018Fh \
  -ACONFIG=02007h-02007h -DCONFIG=2 -AIDLOC=02000h-02003h -DIDLOC=2 \
  -AEEDATA=00h-0FFh/02100h -peeprom_data=EEDATA -DEEDATA=2 -DCODE=2 \
  -DSTRCODE=2 -DSTRING=2 -DCONST=2 -DENTRY=2 \
  -preset_vec=00h,intentry,init,end_init -ppowerup=CODE -pcinit=CODE \
  -pfunctab=ENTRY -k C:\Users\leoba\AppData\Local\Temp\xcAsuk.o \
  dist/default/production\controladorPID.X.production.o 

Object code version is 3.11

Machine type is 16F877A



                Name                               Link     Load   Length Selector   Space Scale
C:\Users\leoba\AppData\Local\Temp\xcAsuk.o
                end_init                              0        0        3        0       0
                config                             2007     2007        1        0       4
dist/default/production\controladorPID.X.production.o
                cinit                               7DC      7DC       24      FB8       0
                config                             2007     2007        1        0       4
                text31                             131E     131E        9     263C       0
                text30                             1327     1327        9     264E       0
                text29                             1330     1330        B     2660       0
                text28                             144A     144A       34     2894       0
                text27                             16A7     16A7       9D     2D4E       0
                text26                             14B4     14B4       37     2968       0
                text25                                6        6      1DD        C       0
                text24                             13CF     13CF       27     279E       0
                text23                              47B      47B      361      8F6       0
                text22                             162B     162B       7C     2C56       0
                text21                             1744     1744       BC     2E88       0
                text20                              94C      94C       D0     1298       0
                text19                             136E     136E       18     26DC       0
                text18                             13F6     13F6       29     27EC       0
                text17                              886      886       C6     110C       0
                text16                             15C2     15C2       69     2B84       0
                text15                             1569     1569       59     2AD2       0
                text14                             1308     1308        6     2610       0
                text13                             133B     133B       10     2676       0
                text12                             134B     134B       10     2696       0
                text11                             141F     141F       2B     283E       0
                text10                             1525     1525       44     2A4A       0
                text9                              14EB     14EB       3A     29D6       0
                text8                               AEC      AEC       E8     15D8       0
                text7                               BD4      BD4      19C     17A8       0
                text6                              147E     147E       36     28FC       0
                text5                               A1C      A1C       D0     1438       0
                text4                               1E3      1E3      298      3C6       0
                text3                              1386     1386       24     270C       0
                text2                              13AA     13AA       25     2754       0
                text1                               D70      D70      290     1AE0       0
                maintext                            804      804       82     1008       0
                cstackBANK0                          20       20       50       20       1
                cstackCOMMON                         70       70        E       70       1
                cstackBANK1                          C8       C8       1B       A0       1
                clrtext                            130E     130E        8     261C       0
                inittext                           135B     135B       13     26B6       0
                bssBANK3                            190      190       20      190       1
                dataBANK1                            E3       E3        8       A0       1
                bssBANK1                             A0       A0       28       A0       1
                strings                            1000     1000       41     2000       0
                idataBANK1                         1316     1316        8     262C       0

TOTAL           Name                               Link     Load   Length     Space
        CLASS   STACK          

        CLASS   CODE           
                end_init                              0        0        3         0
                cinit                               7DC      7DC       24         0
                text31                             131E     131E        9         0
                text30                             1327     1327        9         0
                text29                             1330     1330        B         0
                text28                             144A     144A       34         0
                text27                             16A7     16A7       9D         0
                text26                             14B4     14B4       37         0
                text25                                6        6      1DD         0
                text24                             13CF     13CF       27         0
                text23                              47B      47B      361         0
                text22                             162B     162B       7C         0
                text21                             1744     1744       BC         0
                text20                              94C      94C       D0         0
                text19                             136E     136E       18         0
                text18                             13F6     13F6       29         0
                text17                              886      886       C6         0
                text16                             15C2     15C2       69         0
                text15                             1569     1569       59         0
                text14                             1308     1308        6         0
                text13                             133B     133B       10         0
                text12                             134B     134B       10         0
                text11                             141F     141F       2B         0
                text10                             1525     1525       44         0
                text9                              14EB     14EB       3A         0
                text8                               AEC      AEC       E8         0
                text7                               BD4      BD4      19C         0
                text6                              147E     147E       36         0
                text5                               A1C      A1C       D0         0
                text4                               1E3      1E3      298         0
                text3                              1386     1386       24         0
                text2                              13AA     13AA       25         0
                text1                               D70      D70      290         0
                maintext                            804      804       82         0
                clrtext                            130E     130E        8         0
                inittext                           135B     135B       13         0
                idataBANK1                         1316     1316        8         0

        CLASS   STRCODE        

        CLASS   STRING         
                strings                            1000     1000       41         0

        CLASS   CONST          

        CLASS   ENTRY          

        CLASS   COMMON         
                cstackCOMMON                         70       70        E         1

        CLASS   BANK0          
                cstackBANK0                          20       20       50         1

        CLASS   BANK1          
                cstackBANK1                          C8       C8       1B         1
                dataBANK1                            E3       E3        8         1
                bssBANK1                             A0       A0       28         1

        CLASS   BANK2          

        CLASS   BANK3          
                bssBANK3                            190      190       20         1

        CLASS   RAM            

        CLASS   ABS1           
                abs_s1                               7E       7E        2         1

        CLASS   SFR0           

        CLASS   SFR1           

        CLASS   SFR2           

        CLASS   SFR3           

        CLASS   CONFIG         
                config                             2007     2007        1         4

        CLASS   IDLOC          

        CLASS   EEDATA         



SEGMENTS        Name                           Load    Length   Top    Selector   Space  Class     Delta

                reset_vec                      000000  000003  000003         0       0  CODE        2
                text25                         000006  0001DD  0001E3         C       0  CODE        2
                cstackBANK0                    000020  000050  000070        20       1  BANK0       1
                cstackCOMMON                   000070  00000E  00007E        70       1  COMMON      1
                bssBANK1                       0000A0  00004B  0000EB        A0       1  BANK1       1
                bssBANK3                       000190  000020  0001B0       190       1  BANK3       1
                text4                          0001E3  000298  00047B       3C6       0  CODE        2
                text23                         00047B  000361  0007DC       8F6       0  CODE        2
                cinit                          0007DC  000024  000800       FB8       0  CODE        2
                maintext                       000804  000082  000886      1008       0  CODE        2
                text17                         000886  0000C6  00094C      110C       0  CODE        2
                text20                         00094C  0000D0  000A1C      1298       0  CODE        2
                text5                          000A1C  0000D0  000AEC      1438       0  CODE        2
                text8                          000AEC  0000E8  000BD4      15D8       0  CODE        2
                text7                          000BD4  00019C  000D70      17A8       0  CODE        2
                text1                          000D70  000290  001000      1AE0       0  CODE        2
                strings                        001000  000041  001041      2000       0  STRING      2
                text14                         001308  000006  00130E      2610       0  CODE        2
                clrtext                        00130E  000008  001316      261C       0  CODE        2
                idataBANK1                     001316  000008  00131E      262C       0  CODE        2
                text31                         00131E  000009  001327      263C       0  CODE        2
                text30                         001327  000009  001330      264E       0  CODE        2
                text29                         001330  00000B  00133B      2660       0  CODE        2
                text13                         00133B  000010  00134B      2676       0  CODE        2
                text12                         00134B  000010  00135B      2696       0  CODE        2
                inittext                       00135B  000013  00136E      26B6       0  CODE        2
                text19                         00136E  000018  001386      26DC       0  CODE        2
                text3                          001386  000024  0013AA      270C       0  CODE        2
                text2                          0013AA  000025  0013CF      2754       0  CODE        2
                text24                         0013CF  000027  0013F6      279E       0  CODE        2
                text18                         0013F6  000029  00141F      27EC       0  CODE        2
                text11                         00141F  00002B  00144A      283E       0  CODE        2
                text28                         00144A  000034  00147E      2894       0  CODE        2
                text6                          00147E  000036  0014B4      28FC       0  CODE        2
                text26                         0014B4  000037  0014EB      2968       0  CODE        2
                text9                          0014EB  00003A  001525      29D6       0  CODE        2
                text10                         001525  000044  001569      2A4A       0  CODE        2
                text15                         001569  000059  0015C2      2AD2       0  CODE        2
                text16                         0015C2  000069  00162B      2B84       0  CODE        2
                text22                         00162B  00007C  0016A7      2C56       0  CODE        2
                text27                         0016A7  00009D  001744      2D4E       0  CODE        2
                text21                         001744  0000BC  001800      2E88       0  CODE        2


UNUSED ADDRESS RANGES

        Name                Unused          Largest block    Delta
        BANK1            00EB-00EF              5           1
        BANK2            0110-016F             60           1
        BANK3            01B0-01EF             40           1
        CODE             0003-0005              3           2
                         0800-0803              4
                         1041-1307            2C7
                         1800-1FFF            800
        CONST            0003-0005              3           2
                         0800-0803              4
                         1041-1307            100
                         1800-1FFF            100
        EEDATA           2100-21FF            100           2
        ENTRY            0003-0005              3           2
                         0800-0803              4
                         1041-1307            100
                         1800-1FFF            100
        IDLOC            2000-2003              4           2
        RAM              00EB-00EF              5           1
                         0110-016F             60
                         01B0-01EF             40
        SFR0             0000-001F             20           1
        SFR1             0080-009F             20           1
        SFR2             0100-010F             10           1
        SFR3             0180-018F             10           1
        STACK            0110-016F             60           1
        STRCODE          0003-0005              3           2
                         0800-0803              4
                         1041-1307            2C7
                         1800-1FFF            800
        STRING           0003-0005              3           2
                         0800-0803              4
                         1041-1307            100
                         1800-1FFF            100

                                  Symbol Table

?_ADC_Read                     cstackCOMMON 0070
?__Umul8_16                    cstackCOMMON 0070
?___aldiv                      cstackCOMMON 0070
?___awdiv                      cstackCOMMON 0077
?___awmod                      cstackCOMMON 0070
?___fladd                      cstackCOMMON 0070
?___fldiv                      cstackBANK0  0056
?___flmul                      cstackBANK0  003C
?___flsub                      cstackBANK0  0034
?___fltol                      cstackBANK1  00C8
?___lwdiv                      cstackCOMMON 0070
?___lwmod                      cstackCOMMON 0078
?___wmul                       cstackCOMMON 0075
?___xxtofl                     cstackBANK0  0026
?_controleMaximoMinimo         cstackCOMMON 0070
?_sprintf                      cstackBANK0  0020
ADC_Read@channel               cstackCOMMON 0074
PWM1_Duty@duty                 cstackBANK1  00D1
PWM1_Duty@freq                 cstackBANK1  00D3
PWM2_Duty@duty                 cstackBANK1  00D1
PWM2_Duty@freq                 cstackBANK1  00D3
PWM_Init@freq                  cstackBANK0  0026
_ADCON0                        (abs)        001F
_ADCON1                        (abs)        009F
_ADC_Init                      text31       131E
_ADC_Read                      text28       144A
_ADRESH                        (abs)        001E
_ADRESL                        (abs)        009E
_CCP1M2                        (abs)        00BA
_CCP1M3                        (abs)        00BB
_CCP1X                         (abs)        00BD
_CCP1Y                         (abs)        00BC
_CCP2M2                        (abs)        00EA
_CCP2M3                        (abs)        00EB
_CCP2X                         (abs)        00ED
_CCP2Y                         (abs)        00EC
_CCPR1L                        (abs)        0015
_CCPR2L                        (abs)        001B
_GO_nDONE                      (abs)        00FA
_PID                           bssBANK1     00AC
_PIDReferencia                 bssBANK1     00B4
_PORTD                         (abs)        0008
_PORTEbits                     (abs)        0009
_PR2                           (abs)        0092
_PWM1_Duty                     text5        0A1C
_PWM1_Start                    text30       1327
_PWM2_Duty                     text20       094C
_PWM2_Start                    text29       1330
_PWM_Init                      text26       14B4
_RB0                           (abs)        0030
_RB1                           (abs)        0031
_RB2                           (abs)        0032
_RB3                           (abs)        0033
_T2CKPS0                       (abs)        0090
_T2CKPS1                       (abs)        0091
_TMR2ON                        (abs)        0092
_TRISA                         (abs)        0085
_TRISB                         (abs)        0086
_TRISC                         (abs)        0087
_TRISC1                        (abs)        0439
_TRISC2                        (abs)        043A
_TRISD                         (abs)        0088
_TRISE                         (abs)        0089
__Habs1                        abs1         0000
__Hbank0                       bank0        0000
__Hbank1                       bank1        0000
__Hbank2                       bank2        0000
__Hbank3                       bank3        0000
__HbssBANK1                    bssBANK1     0000
__HbssBANK3                    bssBANK3     0000
__Hcinit                       cinit        0800
__Hclrtext                     clrtext      0000
__Hcode                        code         0000
__Hcommon                      common       0000
__Hconfig                      config       2008
__HcstackBANK0                 cstackBANK0  0000
__HcstackBANK1                 cstackBANK1  0000
__HcstackCOMMON                cstackCOMMON 0000
__HdataBANK1                   dataBANK1    0000
__Heeprom_data                 eeprom_data  0000
__Hend_init                    end_init     0003
__Hfunctab                     functab      0000
__HidataBANK1                  idataBANK1   0000
__Hinit                        init         0000
__Hinittext                    inittext     0000
__Hintentry                    intentry     0000
__Hmaintext                    maintext     0000
__Hpowerup                     powerup      0000
__Hram                         ram          0000
__Hreset_vec                   reset_vec    0000
__Hsfr0                        sfr0         0000
__Hsfr1                        sfr1         0000
__Hsfr2                        sfr2         0000
__Hsfr3                        sfr3         0000
__Hspace_0                     (abs)        1800
__Hspace_1                     (abs)        01B0
__Hspace_2                     (abs)        0000
__Hspace_3                     (abs)        0000
__Hspace_4                     (abs)        400F
__Hstack                       stack        0000
__Hstrings                     strings      0000
__Htext                        text         0000
__Labs1                        abs1         0000
__Lbank0                       bank0        0000
__Lbank1                       bank1        0000
__Lbank2                       bank2        0000
__Lbank3                       bank3        0000
__LbssBANK1                    bssBANK1     0000
__LbssBANK3                    bssBANK3     0000
__Lcinit                       cinit        07DC
__Lclrtext                     clrtext      0000
__Lcode                        code         0000
__Lcommon                      common       0000
__Lconfig                      config       0000
__LcstackBANK0                 cstackBANK0  0000
__LcstackBANK1                 cstackBANK1  0000
__LcstackCOMMON                cstackCOMMON 0000
__LdataBANK1                   dataBANK1    0000
__Leeprom_data                 eeprom_data  0000
__Lend_init                    end_init     0000
__Lfunctab                     functab      0000
__LidataBANK1                  idataBANK1   0000
__Linit                        init         0000
__Linittext                    inittext     0000
__Lintentry                    intentry     0000
__Lmaintext                    maintext     0000
__Lpowerup                     powerup      0000
__Lram                         ram          0000
__Lreset_vec                   reset_vec    0000
__Lsfr0                        sfr0         0000
__Lsfr1                        sfr1         0000
__Lsfr2                        sfr2         0000
__Lsfr3                        sfr3         0000
__Lspace_0                     (abs)        0000
__Lspace_1                     (abs)        0000
__Lspace_2                     (abs)        0000
__Lspace_3                     (abs)        0000
__Lspace_4                     (abs)        0000
__Lstack                       stack        0000
__Lstrings                     strings      0000
__Ltext                        text         0000
__S0                           (abs)        1800
__S1                           (abs)        01B0
__S2                           (abs)        0000
__S3                           (abs)        0000
__Umul8_16                     text24       13CF
__Umul8_16@multiplicand        cstackCOMMON 0070
__Umul8_16@multiplier          cstackCOMMON 0078
__Umul8_16@product             cstackCOMMON 0074
__Umul8_16@word_mpld           cstackCOMMON 0076
___aldiv                       text27       16A7
___aldiv@counter               cstackBANK0  0020
___aldiv@dividend              cstackCOMMON 0074
___aldiv@divisor               cstackCOMMON 0070
___aldiv@quotient              cstackBANK0  0022
___aldiv@sign                  cstackBANK0  0021
___awdiv                       text16       15C2
___awdiv@counter               cstackBANK0  0020
___awdiv@dividend              cstackCOMMON 0079
___awdiv@divisor               cstackCOMMON 0077
___awdiv@quotient              cstackBANK0  0022
___awdiv@sign                  cstackBANK0  0021
___awmod                       text15       1569
___awmod@counter               cstackCOMMON 0075
___awmod@dividend              cstackCOMMON 0072
___awmod@divisor               cstackCOMMON 0070
___awmod@sign                  cstackCOMMON 0076
___fladd                       text4        01E3
___fladd@a                     cstackCOMMON 0074
___fladd@aexp                  cstackCOMMON 0079
___fladd@b                     cstackCOMMON 0070
___fladd@bexp                  cstackCOMMON 007A
___fladd@grs                   cstackCOMMON 007B
___fladd@signs                 cstackCOMMON 0078
___fldiv                       text25       0006
___fldiv@a                     cstackBANK0  0056
___fldiv@aexp                  cstackBANK0  006F
___fldiv@b                     cstackBANK0  005A
___fldiv@bexp                  cstackBANK0  006E
___fldiv@grs                   cstackBANK0  006A
___fldiv@new_exp               cstackBANK0  0068
___fldiv@rem                   cstackBANK0  0063
___fldiv@sign                  cstackBANK0  0067
___flmul                       text23       047B
___flmul@a                     cstackBANK0  0040
___flmul@aexp                  cstackBANK0  004E
___flmul@b                     cstackBANK0  003C
___flmul@bexp                  cstackBANK0  004F
___flmul@grs                   cstackBANK0  004A
___flmul@prod                  cstackBANK0  0050
___flmul@sign                  cstackBANK0  0049
___flmul@temp                  cstackBANK0  0054
___flsub                       text3        1386
___flsub@a                     cstackBANK0  0034
___flsub@b                     cstackBANK0  0038
___fltol                       text22       162B
___fltol@exp1                  cstackCOMMON 007D
___fltol@f1                    cstackBANK1  00C8
___fltol@sign1                 cstackCOMMON 007C
___int_sp                      stack        0000
___latbits                     (abs)        0002
___lwdiv                       text10       1525
___lwdiv@counter               cstackCOMMON 0077
___lwdiv@dividend              cstackCOMMON 0072
___lwdiv@divisor               cstackCOMMON 0070
___lwdiv@quotient              cstackCOMMON 0075
___lwmod                       text9        14EB
___lwmod@counter               cstackCOMMON 007D
___lwmod@dividend              cstackCOMMON 007A
___lwmod@divisor               cstackCOMMON 0078
___sp                          stack        0000
___stackhi                     (abs)        0000
___stacklo                     (abs)        0000
___wmul                        text2        13AA
___wmul@multiplicand           cstackCOMMON 0077
___wmul@multiplier             cstackCOMMON 0075
___wmul@product                cstackCOMMON 0079
___xxtofl                      text21       1744
___xxtofl@arg                  cstackBANK0  0030
___xxtofl@exp                  cstackBANK0  002F
___xxtofl@sign                 cstackBANK0  002E
___xxtofl@val                  cstackBANK0  0026
__end_of_ADC_Init              text31       1327
__end_of_ADC_Read              text28       147E
__end_of_PWM1_Duty             text5        0AEC
__end_of_PWM1_Start            text30       1330
__end_of_PWM2_Duty             text20       0A1C
__end_of_PWM2_Start            text29       133B
__end_of_PWM_Init              text26       14EB
__end_of__Umul8_16             text24       13F6
__end_of___aldiv               text27       1744
__end_of___awdiv               text16       162B
__end_of___awmod               text15       15C2
__end_of___fladd               text4        047B
__end_of___fldiv               text25       01E3
__end_of___flmul               text23       07DC
__end_of___flsub               text3        13AA
__end_of___fltol               text22       16A7
__end_of___lwdiv               text10       1569
__end_of___lwmod               text9        1525
__end_of___wmul                text2        13CF
__end_of___xxtofl              text21       1800
__end_of__initialization       cinit        07FC
__end_of__stringtab            strings      1010
__end_of_controlarCooler       text18       141F
__end_of_controlarValores      text17       094C
__end_of_controleMaximoMinimo  text19       1386
__end_of_dpowers               strings      101A
__end_of_imprimirValoresLcd    text7        0D70
__end_of_lcd_cmd               text13       134B
__end_of_lcd_dat               text12       135B
__end_of_lcd_init              text6        14B4
__end_of_lcd_str               text11       144A
__end_of_lcd_wr                text14       130E
__end_of_main                  maintext     0886
__end_of_realizarCalculo       text1        1000
__end_of_sprintf               text8        0BD4
__initialization               cinit        07DC
__pbssBANK1                    bssBANK1     00A0
__pbssBANK3                    bssBANK3     0190
__pcstackBANK0                 cstackBANK0  0020
__pcstackBANK1                 cstackBANK1  00C8
__pcstackCOMMON                cstackCOMMON 0070
__pdataBANK1                   dataBANK1    00E3
__pidataBANK1                  idataBANK1   1316
__pmaintext                    maintext     0804
__pstrings                     strings      1000
__ptext1                       text1        0D70
__ptext10                      text10       1525
__ptext11                      text11       141F
__ptext12                      text12       134B
__ptext13                      text13       133B
__ptext14                      text14       1308
__ptext15                      text15       1569
__ptext16                      text16       15C2
__ptext17                      text17       0886
__ptext18                      text18       13F6
__ptext19                      text19       136E
__ptext2                       text2        13AA
__ptext20                      text20       094C
__ptext21                      text21       1744
__ptext22                      text22       162B
__ptext23                      text23       047B
__ptext24                      text24       13CF
__ptext25                      text25       0006
__ptext26                      text26       14B4
__ptext27                      text27       16A7
__ptext28                      text28       144A
__ptext29                      text29       1330
__ptext3                       text3        1386
__ptext30                      text30       1327
__ptext31                      text31       131E
__ptext4                       text4        01E3
__ptext5                       text5        0A1C
__ptext6                       text6        147E
__ptext7                       text7        0BD4
__ptext8                       text8        0AEC
__ptext9                       text9        14EB
__size_of_ADC_Init             (abs)        0000
__size_of_ADC_Read             (abs)        0000
__size_of_PWM1_Duty            (abs)        0000
__size_of_PWM1_Start           (abs)        0000
__size_of_PWM2_Duty            (abs)        0000
__size_of_PWM2_Start           (abs)        0000
__size_of_PWM_Init             (abs)        0000
__size_of__Umul8_16            (abs)        0000
__size_of___aldiv              (abs)        0000
__size_of___awdiv              (abs)        0000
__size_of___awmod              (abs)        0000
__size_of___fladd              (abs)        0000
__size_of___fldiv              (abs)        0000
__size_of___flmul              (abs)        0000
__size_of___flsub              (abs)        0000
__size_of___fltol              (abs)        0000
__size_of___lwdiv              (abs)        0000
__size_of___lwmod              (abs)        0000
__size_of___wmul               (abs)        0000
__size_of___xxtofl             (abs)        0000
__size_of_controlarCooler      (abs)        0000
__size_of_controlarValores     (abs)        0000
__size_of_controleMaximoMinimo (abs)        0000
__size_of_imprimirValoresLcd   (abs)        0000
__size_of_lcd_cmd              (abs)        0000
__size_of_lcd_dat              (abs)        0000
__size_of_lcd_init             (abs)        0000
__size_of_lcd_str              (abs)        0000
__size_of_lcd_wr               (abs)        0000
__size_of_main                 (abs)        0000
__size_of_realizarCalculo      (abs)        0000
__size_of_sprintf              (abs)        0000
__stringbase                   strings      100F
__stringtab                    strings      1000
_controlarCooler               text18       13F6
_controlarValores              text17       0886
_controleMaximoMinimo          text19       136E
_derivativo                    bssBANK1     00AE
_dpowers                       strings      1010
_erro                          bssBANK1     00A0
_imprimirValoresLcd            text7        0BD4
_integral                      bssBANK1     00B0
_kd                            dataBANK1    00E3
_ki                            dataBANK1    00E5
_kiReferencia                  bssBANK1     00B8
_kp                            dataBANK1    00E7
_kpReferencia                  bssBANK1     00BA
_lcd_cmd                       text13       133B
_lcd_dat                       text12       134B
_lcd_init                      text6        147E
_lcd_str                       text11       141F
_lcd_wr                        text14       1308
_main                          maintext     0804
_menu                          bssBANK1     00BE
_proporcional                  bssBANK1     00B2
_realizarCalculo               text1        0D70
_realizarCalculo$854           cstackBANK1  00DF
_setPoint                      dataBANK1    00E9
_setPointReferencia            bssBANK1     00BC
_sprintf                       text8        0AEC
_string                        bssBANK3     0190
_temperatura                   bssBANK1     00A8
_temperaturaReferencia         bssBANK1     00A4
btemp                          (abs)        007E
clear_ram0                     clrtext      130E
controlarCooler@cooler         cstackBANK1  00D7
controlarValores@S1Anterior    bssBANK1     00C7
controlarValores@S1Atual       bssBANK1     00C6
controlarValores@S2Anterior    bssBANK1     00C5
controlarValores@S2Atual       bssBANK1     00C4
controlarValores@S3Anterior    bssBANK1     00C3
controlarValores@S3Atual       bssBANK1     00C2
controlarValores@S4Anterior    bssBANK1     00C1
controlarValores@S4Atual       bssBANK1     00C0
controleMaximoMinimo@valor     cstackCOMMON 0070
end_of_initialization          cinit        07FC
imprimirValoresLcd@centena     cstackBANK0  0030
imprimirValoresLcd@milhar      cstackBANK0  002E
init_fetch0                    inittext     135B
init_ram0                      inittext     135F
intlevel0                      functab      0000
intlevel1                      functab      0000
intlevel2                      functab      0000
intlevel3                      functab      0000
intlevel4                      functab      0000
intlevel5                      functab      0000
lcd_cmd@val                    cstackCOMMON 0071
lcd_dat@val                    cstackCOMMON 0071
lcd_str@i                      cstackCOMMON 0075
lcd_str@str                    cstackCOMMON 0072
lcd_wr@val                     cstackCOMMON 0070
reset_vec                      reset_vec    0000
sprintf@ap                     cstackBANK0  0026
sprintf@c                      cstackBANK0  002C
sprintf@f                      cstackBANK0  0020
sprintf@flag                   cstackBANK0  0027
sprintf@prec                   cstackBANK0  0028
sprintf@sp                     cstackBANK0  002B
sprintf@val                    cstackBANK0  0029
start                          init         0000
start_initialization           cinit        07DC
wtemp0                         (abs)        007E


MODULE INFORMATION

Module		Function		Class		Link	Load	Size
C:\Program Files\Microchip\xc8\v2.32\pic\sources\c90\common\sprcadd.c
		___flsub       		CODE           	1386	0000	36
		___fladd       		CODE           	01E3	0000	664

C:\Program Files\Microchip\xc8\v2.32\pic\sources\c90\common\sprcadd.c estimated size: 700

C:\Program Files\Microchip\xc8\v2.32\pic\sources\c90\common\xxtofl.c
		___xxtofl      		CODE           	1744	0000	188

C:\Program Files\Microchip\xc8\v2.32\pic\sources\c90\common\xxtofl.c estimated size: 188

C:\Program Files\Microchip\xc8\v2.32\pic\sources\c90\common\Umul8_16.c
		__Umul8_16     		CODE           	13CF	0000	39

C:\Program Files\Microchip\xc8\v2.32\pic\sources\c90\common\Umul8_16.c estimated size: 39

adc.c
		_ADC_Read      		CODE           	144A	0000	52
		_ADC_Init      		CODE           	131E	0000	9

adc.c estimated size: 61

C:\Program Files\Microchip\xc8\v2.32\pic\sources\c90\common\lwmod.c
		___lwmod       		CODE           	14EB	0000	58

C:\Program Files\Microchip\xc8\v2.32\pic\sources\c90\common\lwmod.c estimated size: 58

C:\Program Files\Microchip\xc8\v2.32\pic\sources\c90\common\awmod.c
		___awmod       		CODE           	1569	0000	89

C:\Program Files\Microchip\xc8\v2.32\pic\sources\c90\common\awmod.c estimated size: 89

PWM.c
		_PWM1_Start    		CODE           	1327	0000	9
		_PWM2_Start    		CODE           	1330	0000	11
		_PWM1_Duty     		CODE           	0A1C	0000	208
		_PWM2_Duty     		CODE           	094C	0000	208
		_PWM_Init      		CODE           	14B4	0000	55

PWM.c estimated size: 491

shared
		__stringtab    		STRING         	1000	0000	16
		_dpowers       		STRING         	1010	0000	10
		__initialization		CODE           	07DC	0000	32

shared estimated size: 58

C:\Program Files\Microchip\xc8\v2.32\pic\sources\c90\common\sprcmul.c
		___flmul       		CODE           	047B	0000	865

C:\Program Files\Microchip\xc8\v2.32\pic\sources\c90\common\sprcmul.c estimated size: 865

C:\Program Files\Microchip\xc8\v2.32\pic\sources\c90\common\sprcdiv.c
		___fldiv       		CODE           	0006	0000	477

C:\Program Files\Microchip\xc8\v2.32\pic\sources\c90\common\sprcdiv.c estimated size: 477

lcd.c
		_lcd_cmd       		CODE           	133B	0000	16
		_lcd_dat       		CODE           	134B	0000	16
		_lcd_wr        		CODE           	1308	0000	6
		_lcd_str       		CODE           	141F	0000	43
		_lcd_init      		CODE           	147E	0000	54

lcd.c estimated size: 135

C:\Program Files\Microchip\xc8\v2.32\pic\sources\c90\common\doprnt.c
		_sprintf       		CODE           	0AEC	0000	232

C:\Program Files\Microchip\xc8\v2.32\pic\sources\c90\common\doprnt.c estimated size: 232

C:\Program Files\Microchip\xc8\v2.32\pic\sources\c90\common\lwdiv.c
		___lwdiv       		CODE           	1525	0000	68

C:\Program Files\Microchip\xc8\v2.32\pic\sources\c90\common\lwdiv.c estimated size: 68

C:\Program Files\Microchip\xc8\v2.32\pic\sources\c90\common\awdiv.c
		___awdiv       		CODE           	15C2	0000	105

C:\Program Files\Microchip\xc8\v2.32\pic\sources\c90\common\awdiv.c estimated size: 105

C:\Program Files\Microchip\xc8\v2.32\pic\sources\c90\common\Umul16.c
		___wmul        		CODE           	13AA	0000	37

C:\Program Files\Microchip\xc8\v2.32\pic\sources\c90\common\Umul16.c estimated size: 37

main.c
		_controleMaximoMinimo		CODE           	136E	0000	24
		_imprimirValoresLcd		CODE           	0BD4	0000	412
		_realizarCalculo		CODE           	0D70	0000	656
		_main          		CODE           	0804	0000	130
		_controlarValores		CODE           	0886	0000	198
		_controlarCooler		CODE           	13F6	0000	41

main.c estimated size: 1461

C:\Program Files\Microchip\xc8\v2.32\pic\sources\c90\common\fltol.c
		___fltol       		CODE           	162B	0000	124

C:\Program Files\Microchip\xc8\v2.32\pic\sources\c90\common\fltol.c estimated size: 124

C:\Program Files\Microchip\xc8\v2.32\pic\sources\c90\common\aldiv.c
		___aldiv       		CODE           	16A7	0000	157

C:\Program Files\Microchip\xc8\v2.32\pic\sources\c90\common\aldiv.c estimated size: 157

