Microchip MPLAB XC8 Compiler V2.32

Linker command line:

-W-3 --edf=C:\Program Files\Microchip\xc8\v2.32\pic\dat\en_msgs.txt -cn \
  -h+dist/default/production\controladorPID.X.production.sym \
  --cmf=dist/default/production\controladorPID.X.production.cmf -z \
  -Q16F877A -oC:\Users\leoba\AppData\Local\Temp\xcAs848.4 \
  --defsym=__MPLAB_BUILD=1 \
  -Mdist/default/production/controladorPID.X.production.map -E1 \
  -ver=XC8 Compiler --acfsm=1493 -ASTACK=0110h-016Fh -pstack=STACK \
  -ACODE=00h-07FFhx4 -ASTRCODE=00h-01FFFh -ASTRING=00h-0FFhx32 \
  -ACONST=00h-0FFhx32 -AENTRY=00h-0FFhx32 -ACOMMON=070h-07Fh \
  -ABANK0=020h-06Fh -ABANK1=0A0h-0EFh -ABANK2=0110h-016Fh \
  -ABANK3=0190h-01EFh -ARAM=020h-06Fh,0A0h-0EFh,0110h-016Fh,0190h-01EFh \
  -AABS1=020h-07Fh,0A0h-0EFh,0110h-016Fh,0190h-01EFh -ASFR0=00h-01Fh \
  -ASFR1=080h-09Fh -ASFR2=0100h-010Fh -ASFR3=0180h-018Fh \
  -ACONFIG=02007h-02007h -DCONFIG=2 -AIDLOC=02000h-02003h -DIDLOC=2 \
  -AEEDATA=00h-0FFh/02100h -peeprom_data=EEDATA -DEEDATA=2 -DCODE=2 \
  -DSTRCODE=2 -DSTRING=2 -DCONST=2 -DENTRY=2 \
  -preset_vec=00h,intentry,init,end_init -ppowerup=CODE -pcinit=CODE \
  -pfunctab=ENTRY -k C:\Users\leoba\AppData\Local\Temp\xcAs848.o \
  dist/default/production\controladorPID.X.production.o 

Object code version is 3.11

Machine type is 16F877A



                Name                               Link     Load   Length Selector   Space Scale
C:\Users\leoba\AppData\Local\Temp\xcAs848.o
                end_init                              0        0        3        0       0
                config                             2007     2007        1        0       4
dist/default/production\controladorPID.X.production.o
                cinit                               7DC      7DC       24      FB8       0
                config                             2007     2007        1        0       4
                text29                             1705     1705        9     2E0A       0
                text28                             170E     170E        9     2E1C       0
                text27                             1717     1717        B     2E2E       0
                text26                              844      844       34     1088       0
                text25                              B42      B42       9D     1684       0
                text24                              8AE      8AE       37     115C       0
                text23                              29E      29E      1DD      53C       0
                text22                             177F     177F       27     2EFE       0
                text21                              47B      47B      361      8F6       0
                text20                              AA7      AA7       9B     154E       0
                text19                              D4B      D4B       BC     1A96       0
                text18                              BDF      BDF       B6     17BE       0
                text17                             1742     1742       18     2E84       0
                text16                             17D1     17D1       2F     2FA2       0
                text15                              E07      E07       C6     1C0E       0
                text14                              9BC      9BC       69     1378       0
                text13                              963      963       59     12C6       0
                text12                             16EF     16EF        6     2DDE       0
                text11                             1722     1722       10     2E44       0
                text10                             1732     1732       10     2E64       0
                text9                              17A6     17A6       2B     2F4C       0
                text8                               91F      91F       44     123E       0
                text7                               8E5      8E5       3A     11CA       0
                text6                                1A       1A       E8       34       0
                text5                               102      102      19C      204       0
                text4                               878      878       36     10F0       0
                text3                               C95      C95       B6     192A       0
                text2                              175A     175A       25     2EB4       0
                text1                               ECD      ECD      133     1D9A       0
                maintext                            A25      A25       82     144A       0
                cstackBANK0                          20       20       50       20       1
                cstackCOMMON                         70       70        E       70       1
                cstackBANK1                          C8       C8        9       A0       1
                clrtext                            16F5     16F5        8     2DEA       0
                inittext                              7        7       13        E       0
                bssBANK3                            190      190       20      190       1
                dataBANK1                            D1       D1        8       A0       1
                bssBANK1                             A0       A0       28       A0       1
                strings                             800      800       41     1000       0
                idataBANK1                         16FD     16FD        8     2DFA       0

TOTAL           Name                               Link     Load   Length     Space
        CLASS   STACK          

        CLASS   CODE           
                end_init                              0        0        3         0
                cinit                               7DC      7DC       24         0
                text29                             1705     1705        9         0
                text28                             170E     170E        9         0
                text27                             1717     1717        B         0
                text26                              844      844       34         0
                text25                              B42      B42       9D         0
                text24                              8AE      8AE       37         0
                text23                              29E      29E      1DD         0
                text22                             177F     177F       27         0
                text21                              47B      47B      361         0
                text20                              AA7      AA7       9B         0
                text19                              D4B      D4B       BC         0
                text18                              BDF      BDF       B6         0
                text17                             1742     1742       18         0
                text16                             17D1     17D1       2F         0
                text15                              E07      E07       C6         0
                text14                              9BC      9BC       69         0
                text13                              963      963       59         0
                text12                             16EF     16EF        6         0
                text11                             1722     1722       10         0
                text10                             1732     1732       10         0
                text9                              17A6     17A6       2B         0
                text8                               91F      91F       44         0
                text7                               8E5      8E5       3A         0
                text6                                1A       1A       E8         0
                text5                               102      102      19C         0
                text4                               878      878       36         0
                text3                               C95      C95       B6         0
                text2                              175A     175A       25         0
                text1                               ECD      ECD      133         0
                maintext                            A25      A25       82         0
                clrtext                            16F5     16F5        8         0
                inittext                              7        7       13         0
                idataBANK1                         16FD     16FD        8         0

        CLASS   STRCODE        

        CLASS   STRING         
                strings                             800      800       41         0

        CLASS   CONST          

        CLASS   ENTRY          

        CLASS   COMMON         
                cstackCOMMON                         70       70        E         1

        CLASS   BANK0          
                cstackBANK0                          20       20       50         1

        CLASS   BANK1          
                cstackBANK1                          C8       C8        9         1
                dataBANK1                            D1       D1        8         1
                bssBANK1                             A0       A0       28         1

        CLASS   BANK2          

        CLASS   BANK3          
                bssBANK3                            190      190       20         1

        CLASS   RAM            

        CLASS   ABS1           
                abs_s1                               7E       7E        2         1

        CLASS   SFR0           

        CLASS   SFR1           

        CLASS   SFR2           

        CLASS   SFR3           

        CLASS   CONFIG         
                config                             2007     2007        1         4

        CLASS   IDLOC          

        CLASS   EEDATA         



SEGMENTS        Name                           Load    Length   Top    Selector   Space  Class     Delta

                reset_vec                      000000  000003  000003         0       0  CODE        2
                inittext                       000007  000013  00001A         E       0  CODE        2
                cstackBANK0                    000020  000050  000070        20       1  BANK0       1
                text6                          00001A  0000E8  000102        34       0  CODE        2
                cstackCOMMON                   000070  00000E  00007E        70       1  COMMON      1
                bssBANK1                       0000A0  000039  0000D9        A0       1  BANK1       1
                bssBANK3                       000190  000020  0001B0       190       1  BANK3       1
                text5                          000102  00019C  00029E       204       0  CODE        2
                text23                         00029E  0001DD  00047B       53C       0  CODE        2
                text21                         00047B  000361  0007DC       8F6       0  CODE        2
                cinit                          0007DC  000024  000800       FB8       0  CODE        2
                strings                        000800  000041  000841      1000       0  STRING      2
                text26                         000844  000034  000878      1088       0  CODE        2
                text4                          000878  000036  0008AE      10F0       0  CODE        2
                text24                         0008AE  000037  0008E5      115C       0  CODE        2
                text7                          0008E5  00003A  00091F      11CA       0  CODE        2
                text8                          00091F  000044  000963      123E       0  CODE        2
                text13                         000963  000059  0009BC      12C6       0  CODE        2
                text14                         0009BC  000069  000A25      1378       0  CODE        2
                maintext                       000A25  000082  000AA7      144A       0  CODE        2
                text20                         000AA7  00009B  000B42      154E       0  CODE        2
                text25                         000B42  00009D  000BDF      1684       0  CODE        2
                text18                         000BDF  0000B6  000C95      17BE       0  CODE        2
                text3                          000C95  0000B6  000D4B      192A       0  CODE        2
                text19                         000D4B  0000BC  000E07      1A96       0  CODE        2
                text15                         000E07  0000C6  000ECD      1C0E       0  CODE        2
                text1                          000ECD  000133  001000      1D9A       0  CODE        2
                text12                         0016EF  000006  0016F5      2DDE       0  CODE        2
                clrtext                        0016F5  000008  0016FD      2DEA       0  CODE        2
                idataBANK1                     0016FD  000008  001705      2DFA       0  CODE        2
                text29                         001705  000009  00170E      2E0A       0  CODE        2
                text28                         00170E  000009  001717      2E1C       0  CODE        2
                text27                         001717  00000B  001722      2E2E       0  CODE        2
                text11                         001722  000010  001732      2E44       0  CODE        2
                text10                         001732  000010  001742      2E64       0  CODE        2
                text17                         001742  000018  00175A      2E84       0  CODE        2
                text2                          00175A  000025  00177F      2EB4       0  CODE        2
                text22                         00177F  000027  0017A6      2EFE       0  CODE        2
                text9                          0017A6  00002B  0017D1      2F4C       0  CODE        2
                text16                         0017D1  00002F  001800      2FA2       0  CODE        2


UNUSED ADDRESS RANGES

        Name                Unused          Largest block    Delta
        BANK1            00D9-00EF             17           1
        BANK2            0110-016F             60           1
        BANK3            01B0-01EF             40           1
        CODE             0003-0006              4           2
                         0841-0843              3
                         1000-16EE            6EF
                         1800-1FFF            800
        CONST            0003-0006              4           2
                         0841-0843              3
                         1000-16EE            100
                         1800-1FFF            100
        EEDATA           2100-21FF            100           2
        ENTRY            0003-0006              4           2
                         0841-0843              3
                         1000-16EE            100
                         1800-1FFF            100
        IDLOC            2000-2003              4           2
        RAM              00D9-00EF             17           1
                         0110-016F             60
                         01B0-01EF             40
        SFR0             0000-001F             20           1
        SFR1             0080-009F             20           1
        SFR2             0100-010F             10           1
        SFR3             0180-018F             10           1
        STACK            0110-016F             60           1
        STRCODE          0003-0006              4           2
                         0841-0843              3
                         1000-16EE            6EF
                         1800-1FFF            800
        STRING           0003-0006              4           2
                         0841-0843              3
                         1000-16EE            100
                         1800-1FFF            100

                                  Symbol Table

?_ADC_Read                     cstackCOMMON 0070
?__Umul8_16                    cstackCOMMON 0070
?___aldiv                      cstackCOMMON 0070
?___awdiv                      cstackCOMMON 0077
?___awmod                      cstackCOMMON 0070
?___fldiv                      cstackBANK0  0034
?___flmul                      cstackBANK0  004E
?___fltol                      cstackBANK0  0068
?___lwdiv                      cstackCOMMON 0070
?___lwmod                      cstackCOMMON 0078
?___wmul                       cstackCOMMON 0075
?___xxtofl                     cstackBANK0  0026
?_controleMaximoMinimo         cstackCOMMON 0070
?_sprintf                      cstackBANK0  0020
ADC_Read@channel               cstackCOMMON 0074
PWM1_Duty@duty                 cstackBANK0  006C
PWM1_Duty@freq                 cstackBANK0  006E
PWM2_Duty@duty                 cstackBANK0  006C
PWM2_Duty@freq                 cstackBANK0  006E
PWM_Init@freq                  cstackBANK0  0026
_ADCON0                        (abs)        001F
_ADCON1                        (abs)        009F
_ADC_Init                      text29       1705
_ADC_Read                      text26       0844
_ADRESH                        (abs)        001E
_ADRESL                        (abs)        009E
_CCP1M2                        (abs)        00BA
_CCP1M3                        (abs)        00BB
_CCP1X                         (abs)        00BD
_CCP1Y                         (abs)        00BC
_CCP2M2                        (abs)        00EA
_CCP2M3                        (abs)        00EB
_CCP2X                         (abs)        00ED
_CCP2Y                         (abs)        00EC
_CCPR1L                        (abs)        0015
_CCPR2L                        (abs)        001B
_GO_nDONE                      (abs)        00FA
_PID                           bssBANK1     00A0
_PIDReferencia                 bssBANK1     00A8
_PORTD                         (abs)        0008
_PORTEbits                     (abs)        0009
_PR2                           (abs)        0092
_PWM1_Duty                     text3        0C95
_PWM1_Start                    text28       170E
_PWM2_Duty                     text18       0BDF
_PWM2_Start                    text27       1717
_PWM_Init                      text24       08AE
_RB0                           (abs)        0030
_RB1                           (abs)        0031
_RB2                           (abs)        0032
_RB3                           (abs)        0033
_T2CKPS0                       (abs)        0090
_T2CKPS1                       (abs)        0091
_TMR2ON                        (abs)        0092
_TRISA                         (abs)        0085
_TRISB                         (abs)        0086
_TRISC                         (abs)        0087
_TRISC1                        (abs)        0439
_TRISC2                        (abs)        043A
_TRISD                         (abs)        0088
_TRISE                         (abs)        0089
__Habs1                        abs1         0000
__Hbank0                       bank0        0000
__Hbank1                       bank1        0000
__Hbank2                       bank2        0000
__Hbank3                       bank3        0000
__HbssBANK1                    bssBANK1     0000
__HbssBANK3                    bssBANK3     0000
__Hcinit                       cinit        0800
__Hclrtext                     clrtext      0000
__Hcode                        code         0000
__Hcommon                      common       0000
__Hconfig                      config       2008
__HcstackBANK0                 cstackBANK0  0000
__HcstackBANK1                 cstackBANK1  0000
__HcstackCOMMON                cstackCOMMON 0000
__HdataBANK1                   dataBANK1    0000
__Heeprom_data                 eeprom_data  0000
__Hend_init                    end_init     0003
__Hfunctab                     functab      0000
__HidataBANK1                  idataBANK1   0000
__Hinit                        init         0000
__Hinittext                    inittext     0000
__Hintentry                    intentry     0000
__Hmaintext                    maintext     0000
__Hpowerup                     powerup      0000
__Hram                         ram          0000
__Hreset_vec                   reset_vec    0000
__Hsfr0                        sfr0         0000
__Hsfr1                        sfr1         0000
__Hsfr2                        sfr2         0000
__Hsfr3                        sfr3         0000
__Hspace_0                     (abs)        1800
__Hspace_1                     (abs)        01B0
__Hspace_2                     (abs)        0000
__Hspace_3                     (abs)        0000
__Hspace_4                     (abs)        400F
__Hstack                       stack        0000
__Hstrings                     strings      0000
__Htext                        text         0000
__Labs1                        abs1         0000
__Lbank0                       bank0        0000
__Lbank1                       bank1        0000
__Lbank2                       bank2        0000
__Lbank3                       bank3        0000
__LbssBANK1                    bssBANK1     0000
__LbssBANK3                    bssBANK3     0000
__Lcinit                       cinit        07DC
__Lclrtext                     clrtext      0000
__Lcode                        code         0000
__Lcommon                      common       0000
__Lconfig                      config       0000
__LcstackBANK0                 cstackBANK0  0000
__LcstackBANK1                 cstackBANK1  0000
__LcstackCOMMON                cstackCOMMON 0000
__LdataBANK1                   dataBANK1    0000
__Leeprom_data                 eeprom_data  0000
__Lend_init                    end_init     0000
__Lfunctab                     functab      0000
__LidataBANK1                  idataBANK1   0000
__Linit                        init         0000
__Linittext                    inittext     0000
__Lintentry                    intentry     0000
__Lmaintext                    maintext     0000
__Lpowerup                     powerup      0000
__Lram                         ram          0000
__Lreset_vec                   reset_vec    0000
__Lsfr0                        sfr0         0000
__Lsfr1                        sfr1         0000
__Lsfr2                        sfr2         0000
__Lsfr3                        sfr3         0000
__Lspace_0                     (abs)        0000
__Lspace_1                     (abs)        0000
__Lspace_2                     (abs)        0000
__Lspace_3                     (abs)        0000
__Lspace_4                     (abs)        0000
__Lstack                       stack        0000
__Lstrings                     strings      0000
__Ltext                        text         0000
__S0                           (abs)        1800
__S1                           (abs)        01B0
__S2                           (abs)        0000
__S3                           (abs)        0000
__Umul8_16                     text22       177F
__Umul8_16@multiplicand        cstackCOMMON 0070
__Umul8_16@multiplier          cstackCOMMON 0078
__Umul8_16@product             cstackCOMMON 0074
__Umul8_16@word_mpld           cstackCOMMON 0076
___aldiv                       text25       0B42
___aldiv@counter               cstackBANK0  0020
___aldiv@dividend              cstackCOMMON 0074
___aldiv@divisor               cstackCOMMON 0070
___aldiv@quotient              cstackBANK0  0022
___aldiv@sign                  cstackBANK0  0021
___awdiv                       text14       09BC
___awdiv@counter               cstackBANK0  0020
___awdiv@dividend              cstackCOMMON 0079
___awdiv@divisor               cstackCOMMON 0077
___awdiv@quotient              cstackBANK0  0022
___awdiv@sign                  cstackBANK0  0021
___awmod                       text13       0963
___awmod@counter               cstackCOMMON 0075
___awmod@dividend              cstackCOMMON 0072
___awmod@divisor               cstackCOMMON 0070
___awmod@sign                  cstackCOMMON 0076
___fldiv                       text23       029E
___fldiv@a                     cstackBANK0  0034
___fldiv@aexp                  cstackBANK0  004D
___fldiv@b                     cstackBANK0  0038
___fldiv@bexp                  cstackBANK0  004C
___fldiv@grs                   cstackBANK0  0048
___fldiv@new_exp               cstackBANK0  0046
___fldiv@rem                   cstackBANK0  0041
___fldiv@sign                  cstackBANK0  0045
___flmul                       text21       047B
___flmul@a                     cstackBANK0  0052
___flmul@aexp                  cstackBANK0  0060
___flmul@b                     cstackBANK0  004E
___flmul@bexp                  cstackBANK0  0061
___flmul@grs                   cstackBANK0  005C
___flmul@prod                  cstackBANK0  0062
___flmul@sign                  cstackBANK0  005B
___flmul@temp                  cstackBANK0  0066
___fltol                       text20       0AA7
___fltol@exp1                  cstackCOMMON 007C
___fltol@f1                    cstackBANK0  0068
___fltol@sign1                 cstackCOMMON 007B
___int_sp                      stack        0000
___latbits                     (abs)        0002
___lwdiv                       text8        091F
___lwdiv@counter               cstackCOMMON 0077
___lwdiv@dividend              cstackCOMMON 0072
___lwdiv@divisor               cstackCOMMON 0070
___lwdiv@quotient              cstackCOMMON 0075
___lwmod                       text7        08E5
___lwmod@counter               cstackCOMMON 007D
___lwmod@dividend              cstackCOMMON 007A
___lwmod@divisor               cstackCOMMON 0078
___sp                          stack        0000
___stackhi                     (abs)        0000
___stacklo                     (abs)        0000
___wmul                        text2        175A
___wmul@multiplicand           cstackCOMMON 0077
___wmul@multiplier             cstackCOMMON 0075
___wmul@product                cstackCOMMON 0079
___xxtofl                      text19       0D4B
___xxtofl@arg                  cstackBANK0  0030
___xxtofl@exp                  cstackBANK0  002F
___xxtofl@sign                 cstackBANK0  002E
___xxtofl@val                  cstackBANK0  0026
__end_of_ADC_Init              text29       170E
__end_of_ADC_Read              text26       0878
__end_of_PWM1_Duty             text3        0D4B
__end_of_PWM1_Start            text28       1717
__end_of_PWM2_Duty             text18       0C95
__end_of_PWM2_Start            text27       1722
__end_of_PWM_Init              text24       08E5
__end_of__Umul8_16             text22       17A6
__end_of___aldiv               text25       0BDF
__end_of___awdiv               text14       0A25
__end_of___awmod               text13       09BC
__end_of___fldiv               text23       047B
__end_of___flmul               text21       07DC
__end_of___fltol               text20       0B42
__end_of___lwdiv               text8        0963
__end_of___lwmod               text7        091F
__end_of___wmul                text2        177F
__end_of___xxtofl              text19       0E07
__end_of__initialization       cinit        07FC
__end_of__stringtab            strings      0810
__end_of_controlarCooler       text16       1800
__end_of_controlarValores      text15       0ECD
__end_of_controleMaximoMinimo  text17       175A
__end_of_dpowers               strings      081A
__end_of_imprimirValoresLcd    text5        029E
__end_of_lcd_cmd               text11       1732
__end_of_lcd_dat               text10       1742
__end_of_lcd_init              text4        08AE
__end_of_lcd_str               text9        17D1
__end_of_lcd_wr                text12       16F5
__end_of_main                  maintext     0AA7
__end_of_realizarCalculo       text1        1000
__end_of_sprintf               text6        0102
__initialization               cinit        07DC
__pbssBANK1                    bssBANK1     00A0
__pbssBANK3                    bssBANK3     0190
__pcstackBANK0                 cstackBANK0  0020
__pcstackBANK1                 cstackBANK1  00C8
__pcstackCOMMON                cstackCOMMON 0070
__pdataBANK1                   dataBANK1    00D1
__pidataBANK1                  idataBANK1   16FD
__pmaintext                    maintext     0A25
__pstrings                     strings      0800
__ptext1                       text1        0ECD
__ptext10                      text10       1732
__ptext11                      text11       1722
__ptext12                      text12       16EF
__ptext13                      text13       0963
__ptext14                      text14       09BC
__ptext15                      text15       0E07
__ptext16                      text16       17D1
__ptext17                      text17       1742
__ptext18                      text18       0BDF
__ptext19                      text19       0D4B
__ptext2                       text2        175A
__ptext20                      text20       0AA7
__ptext21                      text21       047B
__ptext22                      text22       177F
__ptext23                      text23       029E
__ptext24                      text24       08AE
__ptext25                      text25       0B42
__ptext26                      text26       0844
__ptext27                      text27       1717
__ptext28                      text28       170E
__ptext29                      text29       1705
__ptext3                       text3        0C95
__ptext4                       text4        0878
__ptext5                       text5        0102
__ptext6                       text6        001A
__ptext7                       text7        08E5
__ptext8                       text8        091F
__ptext9                       text9        17A6
__size_of_ADC_Init             (abs)        0000
__size_of_ADC_Read             (abs)        0000
__size_of_PWM1_Duty            (abs)        0000
__size_of_PWM1_Start           (abs)        0000
__size_of_PWM2_Duty            (abs)        0000
__size_of_PWM2_Start           (abs)        0000
__size_of_PWM_Init             (abs)        0000
__size_of__Umul8_16            (abs)        0000
__size_of___aldiv              (abs)        0000
__size_of___awdiv              (abs)        0000
__size_of___awmod              (abs)        0000
__size_of___fldiv              (abs)        0000
__size_of___flmul              (abs)        0000
__size_of___fltol              (abs)        0000
__size_of___lwdiv              (abs)        0000
__size_of___lwmod              (abs)        0000
__size_of___wmul               (abs)        0000
__size_of___xxtofl             (abs)        0000
__size_of_controlarCooler      (abs)        0000
__size_of_controlarValores     (abs)        0000
__size_of_controleMaximoMinimo (abs)        0000
__size_of_imprimirValoresLcd   (abs)        0000
__size_of_lcd_cmd              (abs)        0000
__size_of_lcd_dat              (abs)        0000
__size_of_lcd_init             (abs)        0000
__size_of_lcd_str              (abs)        0000
__size_of_lcd_wr               (abs)        0000
__size_of_main                 (abs)        0000
__size_of_realizarCalculo      (abs)        0000
__size_of_sprintf              (abs)        0000
__stringbase                   strings      080F
__stringtab                    strings      0800
_controlarCooler               text16       17D1
_controlarValores              text15       0E07
_controleMaximoMinimo          text17       1742
_derivativo                    bssBANK1     00A2
_dpowers                       strings      0810
_erro                          bssBANK1     00B6
_erroAnterior                  bssBANK1     00B4
_imprimirValoresLcd            text5        0102
_integral                      bssBANK1     00A4
_kd                            bssBANK1     00B2
_ki                            dataBANK1    00D3
_kiReferencia                  bssBANK1     00AC
_kp                            dataBANK1    00D5
_kpReferencia                  bssBANK1     00AE
_lcd_cmd                       text11       1722
_lcd_dat                       text10       1732
_lcd_init                      text4        0878
_lcd_str                       text9        17A6
_lcd_wr                        text12       16EF
_main                          maintext     0A25
_menu                          bssBANK1     00BA
_proporcional                  bssBANK1     00A6
_realizarCalculo               text1        0ECD
_setPoint                      dataBANK1    00D7
_setPointReferencia            bssBANK1     00B8
_sprintf                       text6        001A
_string                        bssBANK3     0190
_temperatura                   bssBANK1     00BE
_temperaturaReferencia         bssBANK1     00BC
btemp                          (abs)        007E
clear_ram0                     clrtext      16F5
controlarCooler@cooler         cstackBANK1  00CF
controlarValores@S1Anterior    bssBANK1     00C7
controlarValores@S1Atual       bssBANK1     00C6
controlarValores@S2Anterior    bssBANK1     00C5
controlarValores@S2Atual       bssBANK1     00C4
controlarValores@S3Anterior    bssBANK1     00C3
controlarValores@S3Atual       bssBANK1     00C2
controlarValores@S4Anterior    bssBANK1     00C1
controlarValores@S4Atual       bssBANK1     00C0
controleMaximoMinimo@valor     cstackCOMMON 0070
end_of_initialization          cinit        07FC
imprimirValoresLcd@centena     cstackBANK0  0030
imprimirValoresLcd@milhar      cstackBANK0  002E
init_fetch0                    inittext     0007
init_ram0                      inittext     000B
intlevel0                      functab      0000
intlevel1                      functab      0000
intlevel2                      functab      0000
intlevel3                      functab      0000
intlevel4                      functab      0000
intlevel5                      functab      0000
lcd_cmd@val                    cstackCOMMON 0071
lcd_dat@val                    cstackCOMMON 0071
lcd_str@i                      cstackCOMMON 0075
lcd_str@str                    cstackCOMMON 0072
lcd_wr@val                     cstackCOMMON 0070
reset_vec                      reset_vec    0000
sprintf@ap                     cstackBANK0  0026
sprintf@c                      cstackBANK0  002C
sprintf@f                      cstackBANK0  0020
sprintf@flag                   cstackBANK0  0027
sprintf@prec                   cstackBANK0  0028
sprintf@sp                     cstackBANK0  002B
sprintf@val                    cstackBANK0  0029
start                          init         0000
start_initialization           cinit        07DC
wtemp0                         (abs)        007E


MODULE INFORMATION

Module		Function		Class		Link	Load	Size
C:\Program Files\Microchip\xc8\v2.32\pic\sources\c90\common\xxtofl.c
		___xxtofl      		CODE           	0D4B	0000	188

C:\Program Files\Microchip\xc8\v2.32\pic\sources\c90\common\xxtofl.c estimated size: 188

C:\Program Files\Microchip\xc8\v2.32\pic\sources\c90\common\Umul8_16.c
		__Umul8_16     		CODE           	177F	0000	39

C:\Program Files\Microchip\xc8\v2.32\pic\sources\c90\common\Umul8_16.c estimated size: 39

adc.c
		_ADC_Read      		CODE           	0844	0000	52
		_ADC_Init      		CODE           	1705	0000	9

adc.c estimated size: 61

C:\Program Files\Microchip\xc8\v2.32\pic\sources\c90\common\lwmod.c
		___lwmod       		CODE           	08E5	0000	58

C:\Program Files\Microchip\xc8\v2.32\pic\sources\c90\common\lwmod.c estimated size: 58

C:\Program Files\Microchip\xc8\v2.32\pic\sources\c90\common\awmod.c
		___awmod       		CODE           	0963	0000	89

C:\Program Files\Microchip\xc8\v2.32\pic\sources\c90\common\awmod.c estimated size: 89

PWM.c
		_PWM1_Start    		CODE           	170E	0000	9
		_PWM2_Start    		CODE           	1717	0000	11
		_PWM1_Duty     		CODE           	0C95	0000	182
		_PWM2_Duty     		CODE           	0BDF	0000	182
		_PWM_Init      		CODE           	08AE	0000	55

PWM.c estimated size: 439

shared
		__stringtab    		STRING         	0800	0000	16
		_dpowers       		STRING         	0810	0000	10
		__initialization		CODE           	07DC	0000	32

shared estimated size: 58

C:\Program Files\Microchip\xc8\v2.32\pic\sources\c90\common\sprcmul.c
		___flmul       		CODE           	047B	0000	865

C:\Program Files\Microchip\xc8\v2.32\pic\sources\c90\common\sprcmul.c estimated size: 865

C:\Program Files\Microchip\xc8\v2.32\pic\sources\c90\common\sprcdiv.c
		___fldiv       		CODE           	029E	0000	477

C:\Program Files\Microchip\xc8\v2.32\pic\sources\c90\common\sprcdiv.c estimated size: 477

lcd.c
		_lcd_cmd       		CODE           	1722	0000	16
		_lcd_dat       		CODE           	1732	0000	16
		_lcd_wr        		CODE           	16EF	0000	6
		_lcd_str       		CODE           	17A6	0000	43
		_lcd_init      		CODE           	0878	0000	54

lcd.c estimated size: 135

C:\Program Files\Microchip\xc8\v2.32\pic\sources\c90\common\doprnt.c
		_sprintf       		CODE           	001A	0000	232

C:\Program Files\Microchip\xc8\v2.32\pic\sources\c90\common\doprnt.c estimated size: 232

C:\Program Files\Microchip\xc8\v2.32\pic\sources\c90\common\lwdiv.c
		___lwdiv       		CODE           	091F	0000	68

C:\Program Files\Microchip\xc8\v2.32\pic\sources\c90\common\lwdiv.c estimated size: 68

C:\Program Files\Microchip\xc8\v2.32\pic\sources\c90\common\awdiv.c
		___awdiv       		CODE           	09BC	0000	105

C:\Program Files\Microchip\xc8\v2.32\pic\sources\c90\common\awdiv.c estimated size: 105

C:\Program Files\Microchip\xc8\v2.32\pic\sources\c90\common\Umul16.c
		___wmul        		CODE           	175A	0000	37

C:\Program Files\Microchip\xc8\v2.32\pic\sources\c90\common\Umul16.c estimated size: 37

main.c
		_controleMaximoMinimo		CODE           	1742	0000	24
		_imprimirValoresLcd		CODE           	0102	0000	412
		_realizarCalculo		CODE           	0ECD	0000	307
		_main          		CODE           	0A25	0000	130
		_controlarValores		CODE           	0E07	0000	198
		_controlarCooler		CODE           	17D1	0000	47

main.c estimated size: 1118

C:\Program Files\Microchip\xc8\v2.32\pic\sources\c90\common\fltol.c
		___fltol       		CODE           	0AA7	0000	155

C:\Program Files\Microchip\xc8\v2.32\pic\sources\c90\common\fltol.c estimated size: 155

C:\Program Files\Microchip\xc8\v2.32\pic\sources\c90\common\aldiv.c
		___aldiv       		CODE           	0B42	0000	157

C:\Program Files\Microchip\xc8\v2.32\pic\sources\c90\common\aldiv.c estimated size: 157

