Microchip MPLAB XC8 Compiler V2.32

Linker command line:

-W-3 --edf=C:\Program Files\Microchip\xc8\v2.32\pic\dat\en_msgs.txt -cn \
  -h+dist/default/production\controladorPID.X.production.sym \
  --cmf=dist/default/production\controladorPID.X.production.cmf -z \
  -Q16F877A -oC:\Users\leoba\AppData\Local\Temp\xcAs760.4 \
  --defsym=__MPLAB_BUILD=1 \
  -Mdist/default/production/controladorPID.X.production.map -E1 \
  -ver=XC8 Compiler --acfsm=1493 -ASTACK=0110h-016Fh -pstack=STACK \
  -ACODE=00h-07FFhx4 -ASTRCODE=00h-01FFFh -ASTRING=00h-0FFhx32 \
  -ACONST=00h-0FFhx32 -AENTRY=00h-0FFhx32 -ACOMMON=070h-07Fh \
  -ABANK0=020h-06Fh -ABANK1=0A0h-0EFh -ABANK2=0110h-016Fh \
  -ABANK3=0190h-01EFh -ARAM=020h-06Fh,0A0h-0EFh,0110h-016Fh,0190h-01EFh \
  -AABS1=020h-07Fh,0A0h-0EFh,0110h-016Fh,0190h-01EFh -ASFR0=00h-01Fh \
  -ASFR1=080h-09Fh -ASFR2=0100h-010Fh -ASFR3=0180h-018Fh \
  -ACONFIG=02007h-02007h -DCONFIG=2 -AIDLOC=02000h-02003h -DIDLOC=2 \
  -AEEDATA=00h-0FFh/02100h -peeprom_data=EEDATA -DEEDATA=2 -DCODE=2 \
  -DSTRCODE=2 -DSTRING=2 -DCONST=2 -DENTRY=2 \
  -preset_vec=00h,intentry,init,end_init -ppowerup=CODE -pcinit=CODE \
  -pfunctab=ENTRY -k C:\Users\leoba\AppData\Local\Temp\xcAs760.o \
  dist/default/production\controladorPID.X.production.o 

Object code version is 3.11

Machine type is 16F877A



                Name                               Link     Load   Length Selector   Space Scale
C:\Users\leoba\AppData\Local\Temp\xcAs760.o
                end_init                              0        0        3        0       0
                config                             2007     2007        1        0       4
dist/default/production\controladorPID.X.production.o
                cinit                               7DC      7DC       24      FB8       0
                config                             2007     2007        1        0       4
                text31                             1303     1303        9     2606       0
                text30                             130C     130C        9     2618       0
                text29                             131F     131F        B     263E       0
                text28                             1439     1439       34     2872       0
                text27                             16A7     16A7       9D     2D4E       0
                text26                              806      806       37     100C       0
                text25                              B8B      B8B      1DD     1716       0
                text24                             13BE     13BE       27     277C       0
                text23                              47B      47B      361      8F6       0
                text22                             15A9     15A9       7C     2B52       0
                text21                             1744     1744       BC     2E88       0
                text20                              903      903       D0     1206       0
                text19                             135D     135D       18     26BA       0
                text18                             13E5     13E5       29     27CA       0
                text17                              83D      83D       C6     107A       0
                text16                             1540     1540       69     2A80       0
                text15                             14E7     14E7       59     29CE       0
                text14                              800      800        6      FB8       0
                text13                             132A     132A       10     2654       0
                text12                             133A     133A       10     2674       0
                text11                             140E     140E       2B     281C       0
                text10                             14A3     14A3       44     2946       0
                text9                                 6        6       3A        C       0
                text8                               AA3      AA3       E8     1546       0
                text7                                40       40      19C       80       0
                text6                              146D     146D       36     28DA       0
                text5                               9D3      9D3       D0     13A6       0
                text4                               D68      D68      298     1AD0       0
                text3                              1375     1375       24     26EA       0
                text2                              1399     1399       25     2732       0
                text1                               1DC      1DC      29F      3B8       0
                maintext                           1625     1625       82     2C4A       0
                cstackBANK0                          20       20       50       20       1
                cstackCOMMON                         70       70        E       70       1
                cstackBANK1                          C6       C6       1B       A0       1
                clrtext                            12FB     12FB        8     25F6       0
                inittext                           134A     134A       13     2694       0
                bssBANK3                            190      190       20      190       1
                dataBANK1                            E1       E1        A       A0       1
                bssBANK1                             A0       A0       26       A0       1
                strings                            1000     1000       41     2000       0
                idataBANK1                         1315     1315        A     262A       0

TOTAL           Name                               Link     Load   Length     Space
        CLASS   STACK          

        CLASS   CODE           
                end_init                              0        0        3         0
                cinit                               7DC      7DC       24         0
                text31                             1303     1303        9         0
                text30                             130C     130C        9         0
                text29                             131F     131F        B         0
                text28                             1439     1439       34         0
                text27                             16A7     16A7       9D         0
                text26                              806      806       37         0
                text25                              B8B      B8B      1DD         0
                text24                             13BE     13BE       27         0
                text23                              47B      47B      361         0
                text22                             15A9     15A9       7C         0
                text21                             1744     1744       BC         0
                text20                              903      903       D0         0
                text19                             135D     135D       18         0
                text18                             13E5     13E5       29         0
                text17                              83D      83D       C6         0
                text16                             1540     1540       69         0
                text15                             14E7     14E7       59         0
                text14                              800      800        6         0
                text13                             132A     132A       10         0
                text12                             133A     133A       10         0
                text11                             140E     140E       2B         0
                text10                             14A3     14A3       44         0
                text9                                 6        6       3A         0
                text8                               AA3      AA3       E8         0
                text7                                40       40      19C         0
                text6                              146D     146D       36         0
                text5                               9D3      9D3       D0         0
                text4                               D68      D68      298         0
                text3                              1375     1375       24         0
                text2                              1399     1399       25         0
                text1                               1DC      1DC      29F         0
                maintext                           1625     1625       82         0
                clrtext                            12FB     12FB        8         0
                inittext                           134A     134A       13         0
                idataBANK1                         1315     1315        A         0

        CLASS   STRCODE        

        CLASS   STRING         
                strings                            1000     1000       41         0

        CLASS   CONST          

        CLASS   ENTRY          

        CLASS   COMMON         
                cstackCOMMON                         70       70        E         1

        CLASS   BANK0          
                cstackBANK0                          20       20       50         1

        CLASS   BANK1          
                cstackBANK1                          C6       C6       1B         1
                dataBANK1                            E1       E1        A         1
                bssBANK1                             A0       A0       26         1

        CLASS   BANK2          

        CLASS   BANK3          
                bssBANK3                            190      190       20         1

        CLASS   RAM            

        CLASS   ABS1           
                abs_s1                               7E       7E        2         1

        CLASS   SFR0           

        CLASS   SFR1           

        CLASS   SFR2           

        CLASS   SFR3           

        CLASS   CONFIG         
                config                             2007     2007        1         4

        CLASS   IDLOC          

        CLASS   EEDATA         



SEGMENTS        Name                           Load    Length   Top    Selector   Space  Class     Delta

                reset_vec                      000000  000003  000003         0       0  CODE        2
                text9                          000006  00003A  000040         C       0  CODE        2
                cstackBANK0                    000020  000050  000070        20       1  BANK0       1
                cstackCOMMON                   000070  00000E  00007E        70       1  COMMON      1
                text7                          000040  00019C  0001DC        80       0  CODE        2
                bssBANK1                       0000A0  00004B  0000EB        A0       1  BANK1       1
                bssBANK3                       000190  000020  0001B0       190       1  BANK3       1
                text1                          0001DC  00029F  00047B       3B8       0  CODE        2
                text23                         00047B  000361  0007DC       8F6       0  CODE        2
                cinit                          0007DC  00002A  000806       FB8       0  CODE        2
                text26                         000806  000037  00083D      100C       0  CODE        2
                text17                         00083D  0000C6  000903      107A       0  CODE        2
                text20                         000903  0000D0  0009D3      1206       0  CODE        2
                text5                          0009D3  0000D0  000AA3      13A6       0  CODE        2
                text8                          000AA3  0000E8  000B8B      1546       0  CODE        2
                text25                         000B8B  0001DD  000D68      1716       0  CODE        2
                text4                          000D68  000298  001000      1AD0       0  CODE        2
                strings                        001000  000041  001041      2000       0  STRING      2
                clrtext                        0012FB  000008  001303      25F6       0  CODE        2
                text31                         001303  000009  00130C      2606       0  CODE        2
                text30                         00130C  000009  001315      2618       0  CODE        2
                idataBANK1                     001315  00000A  00131F      262A       0  CODE        2
                text29                         00131F  00000B  00132A      263E       0  CODE        2
                text13                         00132A  000010  00133A      2654       0  CODE        2
                text12                         00133A  000010  00134A      2674       0  CODE        2
                inittext                       00134A  000013  00135D      2694       0  CODE        2
                text19                         00135D  000018  001375      26BA       0  CODE        2
                text3                          001375  000024  001399      26EA       0  CODE        2
                text2                          001399  000025  0013BE      2732       0  CODE        2
                text24                         0013BE  000027  0013E5      277C       0  CODE        2
                text18                         0013E5  000029  00140E      27CA       0  CODE        2
                text11                         00140E  00002B  001439      281C       0  CODE        2
                text28                         001439  000034  00146D      2872       0  CODE        2
                text6                          00146D  000036  0014A3      28DA       0  CODE        2
                text10                         0014A3  000044  0014E7      2946       0  CODE        2
                text15                         0014E7  000059  001540      29CE       0  CODE        2
                text16                         001540  000069  0015A9      2A80       0  CODE        2
                text22                         0015A9  00007C  001625      2B52       0  CODE        2
                maintext                       001625  000082  0016A7      2C4A       0  CODE        2
                text27                         0016A7  00009D  001744      2D4E       0  CODE        2
                text21                         001744  0000BC  001800      2E88       0  CODE        2


UNUSED ADDRESS RANGES

        Name                Unused          Largest block    Delta
        BANK1            00EB-00EF              5           1
        BANK2            0110-016F             60           1
        BANK3            01B0-01EF             40           1
        CODE             0003-0005              3           2
                         1041-12FA            2BA
                         1800-1FFF            800
        CONST            0003-0005              3           2
                         1041-12FA            100
                         1800-1FFF            100
        EEDATA           2100-21FF            100           2
        ENTRY            0003-0005              3           2
                         1041-12FA            100
                         1800-1FFF            100
        IDLOC            2000-2003              4           2
        RAM              00EB-00EF              5           1
                         0110-016F             60
                         01B0-01EF             40
        SFR0             0000-001F             20           1
        SFR1             0080-009F             20           1
        SFR2             0100-010F             10           1
        SFR3             0180-018F             10           1
        STACK            0110-016F             60           1
        STRCODE          0003-0005              3           2
                         1041-12FA            2BA
                         1800-1FFF            800
        STRING           0003-0005              3           2
                         1041-12FA            100
                         1800-1FFF            100

                                  Symbol Table

?_ADC_Read                     cstackCOMMON 0070
?__Umul8_16                    cstackCOMMON 0070
?___aldiv                      cstackCOMMON 0070
?___awdiv                      cstackCOMMON 0077
?___awmod                      cstackCOMMON 0070
?___fladd                      cstackCOMMON 0070
?___fldiv                      cstackBANK0  0056
?___flmul                      cstackBANK0  003C
?___flsub                      cstackBANK0  0034
?___fltol                      cstackBANK1  00C6
?___lwdiv                      cstackCOMMON 0070
?___lwmod                      cstackCOMMON 0078
?___wmul                       cstackCOMMON 0075
?___xxtofl                     cstackBANK0  0026
?_controleMaximoMinimo         cstackCOMMON 0070
?_sprintf                      cstackBANK0  0020
ADC_Read@channel               cstackCOMMON 0074
PWM1_Duty@duty                 cstackBANK1  00CF
PWM1_Duty@freq                 cstackBANK1  00D1
PWM2_Duty@duty                 cstackBANK1  00CF
PWM2_Duty@freq                 cstackBANK1  00D1
PWM_Init@freq                  cstackBANK0  0026
_ADCON0                        (abs)        001F
_ADCON1                        (abs)        009F
_ADC_Init                      text31       1303
_ADC_Read                      text28       1439
_ADRESH                        (abs)        001E
_ADRESL                        (abs)        009E
_CCP1M2                        (abs)        00BA
_CCP1M3                        (abs)        00BB
_CCP1X                         (abs)        00BD
_CCP1Y                         (abs)        00BC
_CCP2M2                        (abs)        00EA
_CCP2M3                        (abs)        00EB
_CCP2X                         (abs)        00ED
_CCP2Y                         (abs)        00EC
_CCPR1L                        (abs)        0015
_CCPR2L                        (abs)        001B
_GO_nDONE                      (abs)        00FA
_PID                           bssBANK1     00AC
_PORTD                         (abs)        0008
_PORTEbits                     (abs)        0009
_PR2                           (abs)        0092
_PWM1_Duty                     text5        09D3
_PWM1_Start                    text30       130C
_PWM2_Duty                     text20       0903
_PWM2_Start                    text29       131F
_PWM_Init                      text26       0806
_RB0                           (abs)        0030
_RB1                           (abs)        0031
_RB2                           (abs)        0032
_RB3                           (abs)        0033
_T2CKPS0                       (abs)        0090
_T2CKPS1                       (abs)        0091
_TMR2ON                        (abs)        0092
_TRISA                         (abs)        0085
_TRISB                         (abs)        0086
_TRISC                         (abs)        0087
_TRISC1                        (abs)        0439
_TRISC2                        (abs)        043A
_TRISD                         (abs)        0088
_TRISE                         (abs)        0089
__Habs1                        abs1         0000
__Hbank0                       bank0        0000
__Hbank1                       bank1        0000
__Hbank2                       bank2        0000
__Hbank3                       bank3        0000
__HbssBANK1                    bssBANK1     0000
__HbssBANK3                    bssBANK3     0000
__Hcinit                       cinit        0800
__Hclrtext                     clrtext      0000
__Hcode                        code         0000
__Hcommon                      common       0000
__Hconfig                      config       2008
__HcstackBANK0                 cstackBANK0  0000
__HcstackBANK1                 cstackBANK1  0000
__HcstackCOMMON                cstackCOMMON 0000
__HdataBANK1                   dataBANK1    0000
__Heeprom_data                 eeprom_data  0000
__Hend_init                    end_init     0003
__Hfunctab                     functab      0000
__HidataBANK1                  idataBANK1   0000
__Hinit                        init         0000
__Hinittext                    inittext     0000
__Hintentry                    intentry     0000
__Hmaintext                    maintext     0000
__Hpowerup                     powerup      0000
__Hram                         ram          0000
__Hreset_vec                   reset_vec    0000
__Hsfr0                        sfr0         0000
__Hsfr1                        sfr1         0000
__Hsfr2                        sfr2         0000
__Hsfr3                        sfr3         0000
__Hspace_0                     (abs)        1800
__Hspace_1                     (abs)        01B0
__Hspace_2                     (abs)        0000
__Hspace_3                     (abs)        0000
__Hspace_4                     (abs)        400F
__Hstack                       stack        0000
__Hstrings                     strings      0000
__Htext                        text         0000
__Labs1                        abs1         0000
__Lbank0                       bank0        0000
__Lbank1                       bank1        0000
__Lbank2                       bank2        0000
__Lbank3                       bank3        0000
__LbssBANK1                    bssBANK1     0000
__LbssBANK3                    bssBANK3     0000
__Lcinit                       cinit        07DC
__Lclrtext                     clrtext      0000
__Lcode                        code         0000
__Lcommon                      common       0000
__Lconfig                      config       0000
__LcstackBANK0                 cstackBANK0  0000
__LcstackBANK1                 cstackBANK1  0000
__LcstackCOMMON                cstackCOMMON 0000
__LdataBANK1                   dataBANK1    0000
__Leeprom_data                 eeprom_data  0000
__Lend_init                    end_init     0000
__Lfunctab                     functab      0000
__LidataBANK1                  idataBANK1   0000
__Linit                        init         0000
__Linittext                    inittext     0000
__Lintentry                    intentry     0000
__Lmaintext                    maintext     0000
__Lpowerup                     powerup      0000
__Lram                         ram          0000
__Lreset_vec                   reset_vec    0000
__Lsfr0                        sfr0         0000
__Lsfr1                        sfr1         0000
__Lsfr2                        sfr2         0000
__Lsfr3                        sfr3         0000
__Lspace_0                     (abs)        0000
__Lspace_1                     (abs)        0000
__Lspace_2                     (abs)        0000
__Lspace_3                     (abs)        0000
__Lspace_4                     (abs)        0000
__Lstack                       stack        0000
__Lstrings                     strings      0000
__Ltext                        text         0000
__S0                           (abs)        1800
__S1                           (abs)        01B0
__S2                           (abs)        0000
__S3                           (abs)        0000
__Umul8_16                     text24       13BE
__Umul8_16@multiplicand        cstackCOMMON 0070
__Umul8_16@multiplier          cstackCOMMON 0078
__Umul8_16@product             cstackCOMMON 0074
__Umul8_16@word_mpld           cstackCOMMON 0076
___aldiv                       text27       16A7
___aldiv@counter               cstackBANK0  0020
___aldiv@dividend              cstackCOMMON 0074
___aldiv@divisor               cstackCOMMON 0070
___aldiv@quotient              cstackBANK0  0022
___aldiv@sign                  cstackBANK0  0021
___awdiv                       text16       1540
___awdiv@counter               cstackBANK0  0020
___awdiv@dividend              cstackCOMMON 0079
___awdiv@divisor               cstackCOMMON 0077
___awdiv@quotient              cstackBANK0  0022
___awdiv@sign                  cstackBANK0  0021
___awmod                       text15       14E7
___awmod@counter               cstackCOMMON 0075
___awmod@dividend              cstackCOMMON 0072
___awmod@divisor               cstackCOMMON 0070
___awmod@sign                  cstackCOMMON 0076
___fladd                       text4        0D68
___fladd@a                     cstackCOMMON 0074
___fladd@aexp                  cstackCOMMON 0079
___fladd@b                     cstackCOMMON 0070
___fladd@bexp                  cstackCOMMON 007A
___fladd@grs                   cstackCOMMON 007B
___fladd@signs                 cstackCOMMON 0078
___fldiv                       text25       0B8B
___fldiv@a                     cstackBANK0  0056
___fldiv@aexp                  cstackBANK0  006F
___fldiv@b                     cstackBANK0  005A
___fldiv@bexp                  cstackBANK0  006E
___fldiv@grs                   cstackBANK0  006A
___fldiv@new_exp               cstackBANK0  0068
___fldiv@rem                   cstackBANK0  0063
___fldiv@sign                  cstackBANK0  0067
___flmul                       text23       047B
___flmul@a                     cstackBANK0  0040
___flmul@aexp                  cstackBANK0  004E
___flmul@b                     cstackBANK0  003C
___flmul@bexp                  cstackBANK0  004F
___flmul@grs                   cstackBANK0  004A
___flmul@prod                  cstackBANK0  0050
___flmul@sign                  cstackBANK0  0049
___flmul@temp                  cstackBANK0  0054
___flsub                       text3        1375
___flsub@a                     cstackBANK0  0034
___flsub@b                     cstackBANK0  0038
___fltol                       text22       15A9
___fltol@exp1                  cstackCOMMON 007D
___fltol@f1                    cstackBANK1  00C6
___fltol@sign1                 cstackCOMMON 007C
___int_sp                      stack        0000
___latbits                     (abs)        0002
___lwdiv                       text10       14A3
___lwdiv@counter               cstackCOMMON 0077
___lwdiv@dividend              cstackCOMMON 0072
___lwdiv@divisor               cstackCOMMON 0070
___lwdiv@quotient              cstackCOMMON 0075
___lwmod                       text9        0006
___lwmod@counter               cstackCOMMON 007D
___lwmod@dividend              cstackCOMMON 007A
___lwmod@divisor               cstackCOMMON 0078
___sp                          stack        0000
___stackhi                     (abs)        0000
___stacklo                     (abs)        0000
___wmul                        text2        1399
___wmul@multiplicand           cstackCOMMON 0077
___wmul@multiplier             cstackCOMMON 0075
___wmul@product                cstackCOMMON 0079
___xxtofl                      text21       1744
___xxtofl@arg                  cstackBANK0  0030
___xxtofl@exp                  cstackBANK0  002F
___xxtofl@sign                 cstackBANK0  002E
___xxtofl@val                  cstackBANK0  0026
__end_of_ADC_Init              text31       130C
__end_of_ADC_Read              text28       146D
__end_of_PWM1_Duty             text5        0AA3
__end_of_PWM1_Start            text30       1315
__end_of_PWM2_Duty             text20       09D3
__end_of_PWM2_Start            text29       132A
__end_of_PWM_Init              text26       083D
__end_of__Umul8_16             text24       13E5
__end_of___aldiv               text27       1744
__end_of___awdiv               text16       15A9
__end_of___awmod               text15       1540
__end_of___fladd               text4        1000
__end_of___fldiv               text25       0D68
__end_of___flmul               text23       07DC
__end_of___flsub               text3        1399
__end_of___fltol               text22       1625
__end_of___lwdiv               text10       14E7
__end_of___lwmod               text9        0040
__end_of___wmul                text2        13BE
__end_of___xxtofl              text21       1800
__end_of__initialization       cinit        07FC
__end_of__stringtab            strings      1010
__end_of_controlarCooler       text18       140E
__end_of_controlarValores      text17       0903
__end_of_controleMaximoMinimo  text19       1375
__end_of_dpowers               strings      101A
__end_of_imprimirValoresLcd    text7        01DC
__end_of_lcd_cmd               text13       133A
__end_of_lcd_dat               text12       134A
__end_of_lcd_init              text6        14A3
__end_of_lcd_str               text11       1439
__end_of_lcd_wr                text14       0806
__end_of_main                  maintext     16A7
__end_of_realizarCalculo       text1        047B
__end_of_sprintf               text8        0B8B
__initialization               cinit        07DC
__pbssBANK1                    bssBANK1     00A0
__pbssBANK3                    bssBANK3     0190
__pcstackBANK0                 cstackBANK0  0020
__pcstackBANK1                 cstackBANK1  00C6
__pcstackCOMMON                cstackCOMMON 0070
__pdataBANK1                   dataBANK1    00E1
__pidataBANK1                  idataBANK1   1315
__pmaintext                    maintext     1625
__pstrings                     strings      1000
__ptext1                       text1        01DC
__ptext10                      text10       14A3
__ptext11                      text11       140E
__ptext12                      text12       133A
__ptext13                      text13       132A
__ptext14                      text14       0800
__ptext15                      text15       14E7
__ptext16                      text16       1540
__ptext17                      text17       083D
__ptext18                      text18       13E5
__ptext19                      text19       135D
__ptext2                       text2        1399
__ptext20                      text20       0903
__ptext21                      text21       1744
__ptext22                      text22       15A9
__ptext23                      text23       047B
__ptext24                      text24       13BE
__ptext25                      text25       0B8B
__ptext26                      text26       0806
__ptext27                      text27       16A7
__ptext28                      text28       1439
__ptext29                      text29       131F
__ptext3                       text3        1375
__ptext30                      text30       130C
__ptext31                      text31       1303
__ptext4                       text4        0D68
__ptext5                       text5        09D3
__ptext6                       text6        146D
__ptext7                       text7        0040
__ptext8                       text8        0AA3
__ptext9                       text9        0006
__size_of_ADC_Init             (abs)        0000
__size_of_ADC_Read             (abs)        0000
__size_of_PWM1_Duty            (abs)        0000
__size_of_PWM1_Start           (abs)        0000
__size_of_PWM2_Duty            (abs)        0000
__size_of_PWM2_Start           (abs)        0000
__size_of_PWM_Init             (abs)        0000
__size_of__Umul8_16            (abs)        0000
__size_of___aldiv              (abs)        0000
__size_of___awdiv              (abs)        0000
__size_of___awmod              (abs)        0000
__size_of___fladd              (abs)        0000
__size_of___fldiv              (abs)        0000
__size_of___flmul              (abs)        0000
__size_of___flsub              (abs)        0000
__size_of___fltol              (abs)        0000
__size_of___lwdiv              (abs)        0000
__size_of___lwmod              (abs)        0000
__size_of___wmul               (abs)        0000
__size_of___xxtofl             (abs)        0000
__size_of_controlarCooler      (abs)        0000
__size_of_controlarValores     (abs)        0000
__size_of_controleMaximoMinimo (abs)        0000
__size_of_imprimirValoresLcd   (abs)        0000
__size_of_lcd_cmd              (abs)        0000
__size_of_lcd_dat              (abs)        0000
__size_of_lcd_init             (abs)        0000
__size_of_lcd_str              (abs)        0000
__size_of_lcd_wr               (abs)        0000
__size_of_main                 (abs)        0000
__size_of_realizarCalculo      (abs)        0000
__size_of_sprintf              (abs)        0000
__stringbase                   strings      100F
__stringtab                    strings      1000
_controlarCooler               text18       13E5
_controlarValores              text17       083D
_controleMaximoMinimo          text19       135D
_derivativo                    bssBANK1     00AE
_dpowers                       strings      1010
_erro                          bssBANK1     00A0
_imprimirValoresLcd            text7        0040
_integral                      bssBANK1     00B0
_kd                            dataBANK1    00E1
_kdReferencia                  bssBANK1     00B4
_ki                            dataBANK1    00E3
_kiReferencia                  bssBANK1     00B6
_kp                            dataBANK1    00E5
_kpReferencia                  bssBANK1     00B8
_lcd_cmd                       text13       132A
_lcd_dat                       text12       133A
_lcd_init                      text6        146D
_lcd_str                       text11       140E
_lcd_wr                        text14       0800
_main                          maintext     1625
_menu                          bssBANK1     00BC
_proporcional                  bssBANK1     00B2
_realizarCalculo               text1        01DC
_realizarCalculo$854           cstackBANK1  00DD
_setPoint                      dataBANK1    00E7
_setPointReferencia            bssBANK1     00BA
_sprintf                       text8        0AA3
_string                        bssBANK3     0190
_temperatura                   bssBANK1     00A8
_temperaturaReferencia         bssBANK1     00A4
btemp                          (abs)        007E
clear_ram0                     clrtext      12FB
controlarCooler@cooler         cstackBANK1  00D5
controlarValores@S1Anterior    bssBANK1     00C5
controlarValores@S1Atual       bssBANK1     00C4
controlarValores@S2Anterior    bssBANK1     00C3
controlarValores@S2Atual       bssBANK1     00C2
controlarValores@S3Anterior    bssBANK1     00C1
controlarValores@S3Atual       bssBANK1     00C0
controlarValores@S4Anterior    bssBANK1     00BF
controlarValores@S4Atual       bssBANK1     00BE
controleMaximoMinimo@valor     cstackCOMMON 0070
end_of_initialization          cinit        07FC
imprimirValoresLcd@centena     cstackBANK0  0030
imprimirValoresLcd@milhar      cstackBANK0  002E
init_fetch0                    inittext     134A
init_ram0                      inittext     134E
intlevel0                      functab      0000
intlevel1                      functab      0000
intlevel2                      functab      0000
intlevel3                      functab      0000
intlevel4                      functab      0000
intlevel5                      functab      0000
lcd_cmd@val                    cstackCOMMON 0071
lcd_dat@val                    cstackCOMMON 0071
lcd_str@i                      cstackCOMMON 0075
lcd_str@str                    cstackCOMMON 0072
lcd_wr@val                     cstackCOMMON 0070
reset_vec                      reset_vec    0000
sprintf@ap                     cstackBANK0  0026
sprintf@c                      cstackBANK0  002C
sprintf@f                      cstackBANK0  0020
sprintf@flag                   cstackBANK0  0027
sprintf@prec                   cstackBANK0  0028
sprintf@sp                     cstackBANK0  002B
sprintf@val                    cstackBANK0  0029
start                          init         0000
start_initialization           cinit        07DC
wtemp0                         (abs)        007E


MODULE INFORMATION

Module		Function		Class		Link	Load	Size
C:\Program Files\Microchip\xc8\v2.32\pic\sources\c90\common\sprcadd.c
		___flsub       		CODE           	1375	0000	36
		___fladd       		CODE           	0D68	0000	664

C:\Program Files\Microchip\xc8\v2.32\pic\sources\c90\common\sprcadd.c estimated size: 700

C:\Program Files\Microchip\xc8\v2.32\pic\sources\c90\common\xxtofl.c
		___xxtofl      		CODE           	1744	0000	188

C:\Program Files\Microchip\xc8\v2.32\pic\sources\c90\common\xxtofl.c estimated size: 188

C:\Program Files\Microchip\xc8\v2.32\pic\sources\c90\common\Umul8_16.c
		__Umul8_16     		CODE           	13BE	0000	39

C:\Program Files\Microchip\xc8\v2.32\pic\sources\c90\common\Umul8_16.c estimated size: 39

adc.c
		_ADC_Read      		CODE           	1439	0000	52
		_ADC_Init      		CODE           	1303	0000	9

adc.c estimated size: 61

C:\Program Files\Microchip\xc8\v2.32\pic\sources\c90\common\lwmod.c
		___lwmod       		CODE           	0006	0000	58

C:\Program Files\Microchip\xc8\v2.32\pic\sources\c90\common\lwmod.c estimated size: 58

C:\Program Files\Microchip\xc8\v2.32\pic\sources\c90\common\awmod.c
		___awmod       		CODE           	14E7	0000	89

C:\Program Files\Microchip\xc8\v2.32\pic\sources\c90\common\awmod.c estimated size: 89

PWM.c
		_PWM1_Start    		CODE           	130C	0000	9
		_PWM2_Start    		CODE           	131F	0000	11
		_PWM1_Duty     		CODE           	09D3	0000	208
		_PWM2_Duty     		CODE           	0903	0000	208
		_PWM_Init      		CODE           	0806	0000	55

PWM.c estimated size: 491

shared
		__stringtab    		STRING         	1000	0000	16
		_dpowers       		STRING         	1010	0000	10
		__initialization		CODE           	07DC	0000	32

shared estimated size: 58

C:\Program Files\Microchip\xc8\v2.32\pic\sources\c90\common\sprcmul.c
		___flmul       		CODE           	047B	0000	865

C:\Program Files\Microchip\xc8\v2.32\pic\sources\c90\common\sprcmul.c estimated size: 865

C:\Program Files\Microchip\xc8\v2.32\pic\sources\c90\common\sprcdiv.c
		___fldiv       		CODE           	0B8B	0000	477

C:\Program Files\Microchip\xc8\v2.32\pic\sources\c90\common\sprcdiv.c estimated size: 477

lcd.c
		_lcd_cmd       		CODE           	132A	0000	16
		_lcd_dat       		CODE           	133A	0000	16
		_lcd_wr        		CODE           	0800	0000	6
		_lcd_str       		CODE           	140E	0000	43
		_lcd_init      		CODE           	146D	0000	54

lcd.c estimated size: 135

C:\Program Files\Microchip\xc8\v2.32\pic\sources\c90\common\doprnt.c
		_sprintf       		CODE           	0AA3	0000	232

C:\Program Files\Microchip\xc8\v2.32\pic\sources\c90\common\doprnt.c estimated size: 232

C:\Program Files\Microchip\xc8\v2.32\pic\sources\c90\common\lwdiv.c
		___lwdiv       		CODE           	14A3	0000	68

C:\Program Files\Microchip\xc8\v2.32\pic\sources\c90\common\lwdiv.c estimated size: 68

C:\Program Files\Microchip\xc8\v2.32\pic\sources\c90\common\awdiv.c
		___awdiv       		CODE           	1540	0000	105

C:\Program Files\Microchip\xc8\v2.32\pic\sources\c90\common\awdiv.c estimated size: 105

C:\Program Files\Microchip\xc8\v2.32\pic\sources\c90\common\Umul16.c
		___wmul        		CODE           	1399	0000	37

C:\Program Files\Microchip\xc8\v2.32\pic\sources\c90\common\Umul16.c estimated size: 37

main.c
		_controleMaximoMinimo		CODE           	135D	0000	24
		_imprimirValoresLcd		CODE           	0040	0000	412
		_realizarCalculo		CODE           	01DC	0000	671
		_main          		CODE           	1625	0000	130
		_controlarValores		CODE           	083D	0000	198
		_controlarCooler		CODE           	13E5	0000	41

main.c estimated size: 1476

C:\Program Files\Microchip\xc8\v2.32\pic\sources\c90\common\fltol.c
		___fltol       		CODE           	15A9	0000	124

C:\Program Files\Microchip\xc8\v2.32\pic\sources\c90\common\fltol.c estimated size: 124

C:\Program Files\Microchip\xc8\v2.32\pic\sources\c90\common\aldiv.c
		___aldiv       		CODE           	16A7	0000	157

C:\Program Files\Microchip\xc8\v2.32\pic\sources\c90\common\aldiv.c estimated size: 157

