Microchip MPLAB XC8 Compiler V2.32

Linker command line:

-W-3 --edf=C:\Program Files\Microchip\xc8\v2.32\pic\dat\en_msgs.txt -cn \
  -h+dist/default/production\controladorPID.X.production.sym \
  --cmf=dist/default/production\controladorPID.X.production.cmf -z \
  -Q16F877A -oC:\Users\leoba\AppData\Local\Temp\xcAs6eo.4 \
  --defsym=__MPLAB_BUILD=1 \
  -Mdist/default/production/controladorPID.X.production.map -E1 \
  -ver=XC8 Compiler --acfsm=1493 -ASTACK=0110h-016Fh -pstack=STACK \
  -ACODE=00h-07FFhx4 -ASTRCODE=00h-01FFFh -ASTRING=00h-0FFhx32 \
  -ACONST=00h-0FFhx32 -AENTRY=00h-0FFhx32 -ACOMMON=070h-07Fh \
  -ABANK0=020h-06Fh -ABANK1=0A0h-0EFh -ABANK2=0110h-016Fh \
  -ABANK3=0190h-01EFh -ARAM=020h-06Fh,0A0h-0EFh,0110h-016Fh,0190h-01EFh \
  -AABS1=020h-07Fh,0A0h-0EFh,0110h-016Fh,0190h-01EFh -ASFR0=00h-01Fh \
  -ASFR1=080h-09Fh -ASFR2=0100h-010Fh -ASFR3=0180h-018Fh \
  -ACONFIG=02007h-02007h -DCONFIG=2 -AIDLOC=02000h-02003h -DIDLOC=2 \
  -AEEDATA=00h-0FFh/02100h -peeprom_data=EEDATA -DEEDATA=2 -DCODE=2 \
  -DSTRCODE=2 -DSTRING=2 -DCONST=2 -DENTRY=2 \
  -preset_vec=00h,intentry,init,end_init -ppowerup=CODE -pcinit=CODE \
  -pfunctab=ENTRY -k C:\Users\leoba\AppData\Local\Temp\xcAs6eo.o \
  dist/default/production\controladorPID.X.production.o 

Object code version is 3.11

Machine type is 16F877A



                Name                               Link     Load   Length Selector   Space Scale
C:\Users\leoba\AppData\Local\Temp\xcAs6eo.o
                end_init                              0        0        3        0       0
                config                             2007     2007        1        0       4
dist/default/production\controladorPID.X.production.o
                cinit                               7CE      7CE       32      F9C       0
                config                             2007     2007        1        0       4
                text32                             1FCE     1FCE        9     3F9C       0
                text31                             1FD7     1FD7        9     3FAE       0
                text30                                4        4        B        8       0
                text29                             10E2     10E2       34     21C4       0
                text28                              803      803       9D     1006       0
                text27                             1181     1181       37     2302       0
                text26                              B15      B15      263     162A       0
                text25                             1090     1090       27     2120       0
                text24                               8B       8B      361      116       0
                text23                                F        F       7C       1E       0
                text22                             1398     1398       BC     2730       0
                text21                             1454     1454       E4     28A8       0
                text20                             104F     104F       1C     209E       0
                text19                             1116     1116       35     222C       0
                text18                              D78      D78      288     1AF0       0
                text17                             1236     1236       50     246C       0
                text16                             1704     1704       FC     2E08       0
                text15                             132F     132F       69     265E       0
                text14                             12D6     12D6       59     25AC       0
                text13                             1286     1286       50     250C       0
                text12                             1036     1036        6     206C       0
                text11                             1FE0     1FE0       10     3FC0       0
                text10                             1FF0     1FF0       10     3FE0       0
                text9                              10B7     10B7       2B     216E       0
                text8                              11F2     11F2       44     23E4       0
                text7                              11B8     11B8       3A     2370       0
                text6                              161C     161C       E8     2C38       0
                text5                               8A0      8A0      131     1140       0
                text4                              114B     114B       36     2296       0
                text3                              1538     1538       E4     2A70       0
                text2                              106B     106B       25     20D6       0
                text1                               3EC      3EC      3E2      7D8       0
                maintext                            9D1      9D1      144     13A2       0
                cstackBANK0                          20       20       4F       20       1
                cstackCOMMON                         70       70        E       70       1
                cstackBANK1                          A0       A0       39       A0       1
                clrtext                            1FB6     1FB6        8     3F6C       0
                inittext                           103C     103C       13     2078       0
                dataBANK3                           1CA      1CA        8      190       1
                bssBANK3                            190      190       3A      190       1
                dataBANK1                            E7       E7        8       A0       1
                bssBANK1                             D9       D9        E       A0       1
                strings                            1000     1000       35     2000       0
                idataBANK3                         1FBE     1FBE        8     3F7C       0
                idataBANK1                         1FC6     1FC6        8     3F8C       0

TOTAL           Name                               Link     Load   Length     Space
        CLASS   STACK          

        CLASS   CODE           
                end_init                              0        0        3         0
                cinit                               7CE      7CE       32         0
                text32                             1FCE     1FCE        9         0
                text31                             1FD7     1FD7        9         0
                text30                                4        4        B         0
                text29                             10E2     10E2       34         0
                text28                              803      803       9D         0
                text27                             1181     1181       37         0
                text26                              B15      B15      263         0
                text25                             1090     1090       27         0
                text24                               8B       8B      361         0
                text23                                F        F       7C         0
                text22                             1398     1398       BC         0
                text21                             1454     1454       E4         0
                text20                             104F     104F       1C         0
                text19                             1116     1116       35         0
                text18                              D78      D78      288         0
                text17                             1236     1236       50         0
                text16                             1704     1704       FC         0
                text15                             132F     132F       69         0
                text14                             12D6     12D6       59         0
                text13                             1286     1286       50         0
                text12                             1036     1036        6         0
                text11                             1FE0     1FE0       10         0
                text10                             1FF0     1FF0       10         0
                text9                              10B7     10B7       2B         0
                text8                              11F2     11F2       44         0
                text7                              11B8     11B8       3A         0
                text6                              161C     161C       E8         0
                text5                               8A0      8A0      131         0
                text4                              114B     114B       36         0
                text3                              1538     1538       E4         0
                text2                              106B     106B       25         0
                text1                               3EC      3EC      3E2         0
                maintext                            9D1      9D1      144         0
                clrtext                            1FB6     1FB6        8         0
                inittext                           103C     103C       13         0
                idataBANK3                         1FBE     1FBE        8         0
                idataBANK1                         1FC6     1FC6        8         0

        CLASS   STRCODE        

        CLASS   STRING         
                strings                            1000     1000       35         0

        CLASS   CONST          

        CLASS   ENTRY          

        CLASS   COMMON         
                cstackCOMMON                         70       70        E         1

        CLASS   BANK0          
                cstackBANK0                          20       20       4F         1

        CLASS   BANK1          
                cstackBANK1                          A0       A0       39         1
                dataBANK1                            E7       E7        8         1
                bssBANK1                             D9       D9        E         1

        CLASS   BANK2          

        CLASS   BANK3          
                dataBANK3                           1CA      1CA        8         1
                bssBANK3                            190      190       3A         1

        CLASS   RAM            

        CLASS   ABS1           
                abs_s1                               7E       7E        2         1

        CLASS   SFR0           

        CLASS   SFR1           

        CLASS   SFR2           

        CLASS   SFR3           

        CLASS   CONFIG         
                config                             2007     2007        1         4

        CLASS   IDLOC          

        CLASS   EEDATA         



SEGMENTS        Name                           Load    Length   Top    Selector   Space  Class     Delta

                reset_vec                      000000  000003  000003         0       0  CODE        2
                text30                         000004  00000B  00000F         8       0  CODE        2
                text23                         00000F  00007C  00008B        1E       0  CODE        2
                cstackBANK0                    000020  00004F  00006F        20       1  BANK0       1
                cstackCOMMON                   000070  00000E  00007E        70       1  COMMON      1
                cstackBANK1                    0000A0  00004F  0000EF        A0       1  BANK1       1
                text24                         00008B  000361  0003EC       116       0  CODE        2
                bssBANK3                       000190  000042  0001D2       190       1  BANK3       1
                text1                          0003EC  0003E2  0007CE       7D8       0  CODE        2
                cinit                          0007CE  000032  000800       F9C       0  CODE        2
                text28                         000803  00009D  0008A0      1006       0  CODE        2
                text5                          0008A0  000131  0009D1      1140       0  CODE        2
                maintext                       0009D1  000144  000B15      13A2       0  CODE        2
                text26                         000B15  000263  000D78      162A       0  CODE        2
                text18                         000D78  000288  001000      1AF0       0  CODE        2
                strings                        001000  000035  001035      2000       0  STRING      2
                text12                         001036  000006  00103C      206C       0  CODE        2
                inittext                       00103C  000013  00104F      2078       0  CODE        2
                text20                         00104F  00001C  00106B      209E       0  CODE        2
                text2                          00106B  000025  001090      20D6       0  CODE        2
                text25                         001090  000027  0010B7      2120       0  CODE        2
                text9                          0010B7  00002B  0010E2      216E       0  CODE        2
                text29                         0010E2  000034  001116      21C4       0  CODE        2
                text19                         001116  000035  00114B      222C       0  CODE        2
                text4                          00114B  000036  001181      2296       0  CODE        2
                text27                         001181  000037  0011B8      2302       0  CODE        2
                text7                          0011B8  00003A  0011F2      2370       0  CODE        2
                text8                          0011F2  000044  001236      23E4       0  CODE        2
                text17                         001236  000050  001286      246C       0  CODE        2
                text13                         001286  000050  0012D6      250C       0  CODE        2
                text14                         0012D6  000059  00132F      25AC       0  CODE        2
                text15                         00132F  000069  001398      265E       0  CODE        2
                text22                         001398  0000BC  001454      2730       0  CODE        2
                text21                         001454  0000E4  001538      28A8       0  CODE        2
                text3                          001538  0000E4  00161C      2A70       0  CODE        2
                text6                          00161C  0000E8  001704      2C38       0  CODE        2
                text16                         001704  0000FC  001800      2E08       0  CODE        2
                clrtext                        001FB6  000008  001FBE      3F6C       0  CODE        2
                idataBANK3                     001FBE  000008  001FC6      3F7C       0  CODE        2
                idataBANK1                     001FC6  000008  001FCE      3F8C       0  CODE        2
                text32                         001FCE  000009  001FD7      3F9C       0  CODE        2
                text31                         001FD7  000009  001FE0      3FAE       0  CODE        2
                text11                         001FE0  000010  001FF0      3FC0       0  CODE        2
                text10                         001FF0  000010  002000      3FE0       0  CODE        2


UNUSED ADDRESS RANGES

        Name                Unused          Largest block    Delta
        BANK0            006F-006F              1           1
        BANK1            00EF-00EF              1           1
        BANK2            0110-016F             60           1
        BANK3            01D2-01EF             1E           1
        CODE             0003-0003              1           2
                         0800-0802              3
                         1035-1035              1
                         1800-1FB5            7B6
        CONST            0003-0003              1           2
                         0800-0802              3
                         1035-1035              1
                         1800-1FB5            100
        EEDATA           2100-21FF            100           2
        ENTRY            0003-0003              1           2
                         0800-0802              3
                         1035-1035              1
                         1800-1FB5            100
        IDLOC            2000-2003              4           2
        RAM              006F-006F              1           1
                         00EF-00EF              1
                         0110-016F             60
                         01D2-01EF             1E
        SFR0             0000-001F             20           1
        SFR1             0080-009F             20           1
        SFR2             0100-010F             10           1
        SFR3             0180-018F             10           1
        STACK            0110-016F             60           1
        STRCODE          0003-0003              1           2
                         0800-0802              3
                         1035-1035              1
                         1800-1FB5            7B6
        STRING           0003-0003              1           2
                         0800-0802              3
                         1035-1035              1
                         1800-1FB5            100

                                  Symbol Table

?_ADC_Read                     cstackCOMMON 0070
?__Umul8_16                    cstackCOMMON 0070
?___aldiv                      cstackCOMMON 0070
?___awdiv                      cstackCOMMON 0077
?___awmod                      cstackCOMMON 0070
?___fladd                      cstackBANK0  0056
?___fldiv                      cstackBANK1  00A8
?___flmul                      cstackBANK0  003C
?___flsub                      cstackBANK1  00A0
?___fltol                      cstackBANK0  0026
?___lwdiv                      cstackCOMMON 0070
?___lwmod                      cstackCOMMON 0078
?___wmul                       cstackCOMMON 0075
?___xxtofl                     cstackBANK0  002E
?_controleMaximoMinimo         cstackBANK0  002C
?_sprintf                      cstackBANK0  0020
ADC_Read@channel               cstackCOMMON 0074
PWM1_Duty@duty                 cstackBANK1  00BD
PWM1_Duty@freq                 cstackBANK1  00BF
PWM2_Duty@duty                 cstackBANK1  00BD
PWM2_Duty@freq                 cstackBANK1  00BF
PWM_Init@freq                  cstackBANK0  0026
_ADCON0                        (abs)        001F
_ADCON1                        (abs)        009F
_ADC_Init                      text32       1FCE
_ADC_Read                      text29       10E2
_ADRESH                        (abs)        001E
_ADRESL                        (abs)        009E
_CCP1M2                        (abs)        00BA
_CCP1M3                        (abs)        00BB
_CCP1X                         (abs)        00BD
_CCP1Y                         (abs)        00BC
_CCP2M2                        (abs)        00EA
_CCP2M3                        (abs)        00EB
_CCP2X                         (abs)        00ED
_CCP2Y                         (abs)        00EC
_CCPR1L                        (abs)        0015
_CCPR2L                        (abs)        001B
_GO_nDONE                      (abs)        00FA
_PID                           bssBANK3     0190
_PORTD                         (abs)        0008
_PORTEbits                     (abs)        0009
_PR2                           (abs)        0092
_PWM1_Duty                     text3        1538
_PWM1_Start                    text31       1FD7
_PWM2_Duty                     text21       1454
_PWM2_Start                    text30       0004
_PWM_Init                      text27       1181
_RB0                           (abs)        0030
_RB1                           (abs)        0031
_RB2                           (abs)        0032
_RB3                           (abs)        0033
_T2CKPS0                       (abs)        0090
_T2CKPS1                       (abs)        0091
_TMR2ON                        (abs)        0092
_TRISA                         (abs)        0085
_TRISB                         (abs)        0086
_TRISC                         (abs)        0087
_TRISC1                        (abs)        0439
_TRISC2                        (abs)        043A
_TRISD                         (abs)        0088
_TRISE                         (abs)        0089
__Habs1                        abs1         0000
__Hbank0                       bank0        0000
__Hbank1                       bank1        0000
__Hbank2                       bank2        0000
__Hbank3                       bank3        0000
__HbssBANK1                    bssBANK1     0000
__HbssBANK3                    bssBANK3     0000
__Hcinit                       cinit        0800
__Hclrtext                     clrtext      0000
__Hcode                        code         0000
__Hcommon                      common       0000
__Hconfig                      config       2008
__HcstackBANK0                 cstackBANK0  0000
__HcstackBANK1                 cstackBANK1  0000
__HcstackCOMMON                cstackCOMMON 0000
__HdataBANK1                   dataBANK1    0000
__HdataBANK3                   dataBANK3    0000
__Heeprom_data                 eeprom_data  0000
__Hend_init                    end_init     0003
__Hfunctab                     functab      0000
__HidataBANK1                  idataBANK1   0000
__HidataBANK3                  idataBANK3   0000
__Hinit                        init         0000
__Hinittext                    inittext     0000
__Hintentry                    intentry     0000
__Hmaintext                    maintext     0000
__Hpowerup                     powerup      0000
__Hram                         ram          0000
__Hreset_vec                   reset_vec    0000
__Hsfr0                        sfr0         0000
__Hsfr1                        sfr1         0000
__Hsfr2                        sfr2         0000
__Hsfr3                        sfr3         0000
__Hspace_0                     (abs)        2000
__Hspace_1                     (abs)        01D2
__Hspace_2                     (abs)        0000
__Hspace_3                     (abs)        0000
__Hspace_4                     (abs)        400F
__Hstack                       stack        0000
__Hstrings                     strings      0000
__Htext                        text         0000
__Labs1                        abs1         0000
__Lbank0                       bank0        0000
__Lbank1                       bank1        0000
__Lbank2                       bank2        0000
__Lbank3                       bank3        0000
__LbssBANK1                    bssBANK1     0000
__LbssBANK3                    bssBANK3     0000
__Lcinit                       cinit        07CE
__Lclrtext                     clrtext      0000
__Lcode                        code         0000
__Lcommon                      common       0000
__Lconfig                      config       0000
__LcstackBANK0                 cstackBANK0  0000
__LcstackBANK1                 cstackBANK1  0000
__LcstackCOMMON                cstackCOMMON 0000
__LdataBANK1                   dataBANK1    0000
__LdataBANK3                   dataBANK3    0000
__Leeprom_data                 eeprom_data  0000
__Lend_init                    end_init     0000
__Lfunctab                     functab      0000
__LidataBANK1                  idataBANK1   0000
__LidataBANK3                  idataBANK3   0000
__Linit                        init         0000
__Linittext                    inittext     0000
__Lintentry                    intentry     0000
__Lmaintext                    maintext     0000
__Lpowerup                     powerup      0000
__Lram                         ram          0000
__Lreset_vec                   reset_vec    0000
__Lsfr0                        sfr0         0000
__Lsfr1                        sfr1         0000
__Lsfr2                        sfr2         0000
__Lsfr3                        sfr3         0000
__Lspace_0                     (abs)        0000
__Lspace_1                     (abs)        0000
__Lspace_2                     (abs)        0000
__Lspace_3                     (abs)        0000
__Lspace_4                     (abs)        0000
__Lstack                       stack        0000
__Lstrings                     strings      0000
__Ltext                        text         0000
__S0                           (abs)        2000
__S1                           (abs)        01D2
__S2                           (abs)        0000
__S3                           (abs)        0000
__Umul8_16                     text25       1090
__Umul8_16@multiplicand        cstackCOMMON 0070
__Umul8_16@multiplier          cstackCOMMON 0078
__Umul8_16@product             cstackCOMMON 0074
__Umul8_16@word_mpld           cstackCOMMON 0076
___aldiv                       text28       0803
___aldiv@counter               cstackBANK0  0020
___aldiv@dividend              cstackCOMMON 0074
___aldiv@divisor               cstackCOMMON 0070
___aldiv@quotient              cstackBANK0  0022
___aldiv@sign                  cstackBANK0  0021
___awdiv                       text15       132F
___awdiv@counter               cstackBANK0  0020
___awdiv@dividend              cstackCOMMON 0079
___awdiv@divisor               cstackCOMMON 0077
___awdiv@quotient              cstackBANK0  0022
___awdiv@sign                  cstackBANK0  0021
___awmod                       text14       12D6
___awmod@counter               cstackCOMMON 0075
___awmod@dividend              cstackCOMMON 0072
___awmod@divisor               cstackCOMMON 0070
___awmod@sign                  cstackCOMMON 0076
___fladd                       text18       0D78
___fladd@a                     cstackBANK0  005A
___fladd@aexp                  cstackBANK0  0067
___fladd@b                     cstackBANK0  0056
___fladd@bexp                  cstackBANK0  0068
___fladd@grs                   cstackBANK0  0069
___fladd@signs                 cstackBANK0  0066
___fldiv                       text26       0B15
___fldiv@a                     cstackBANK1  00A8
___fldiv@aexp                  cstackBANK1  00BC
___fldiv@b                     cstackBANK1  00AC
___fldiv@bexp                  cstackBANK1  00BB
___fldiv@grs                   cstackBANK1  00B7
___fldiv@new_exp               cstackBANK1  00B5
___fldiv@rem                   cstackBANK1  00B0
___fldiv@sign                  cstackBANK1  00B4
___fleq                        text13       1286
___fleq@ff1                    cstackBANK0  003C
___fleq@ff2                    cstackBANK0  0040
___flmul                       text24       008B
___flmul@a                     cstackBANK0  0040
___flmul@aexp                  cstackBANK0  004E
___flmul@b                     cstackBANK0  003C
___flmul@bexp                  cstackBANK0  004F
___flmul@grs                   cstackBANK0  004A
___flmul@prod                  cstackBANK0  0050
___flmul@sign                  cstackBANK0  0049
___flmul@temp                  cstackBANK0  0054
___flsub                       text17       1236
___flsub@a                     cstackBANK1  00A0
___flsub@b                     cstackBANK1  00A4
___fltol                       text23       000F
___fltol@exp1                  cstackBANK0  002B
___fltol@f1                    cstackBANK0  0026
___fltol@sign1                 cstackBANK0  002A
___int_sp                      stack        0000
___latbits                     (abs)        0002
___lwdiv                       text8        11F2
___lwdiv@counter               cstackCOMMON 0077
___lwdiv@dividend              cstackCOMMON 0072
___lwdiv@divisor               cstackCOMMON 0070
___lwdiv@quotient              cstackCOMMON 0075
___lwmod                       text7        11B8
___lwmod@counter               cstackCOMMON 007D
___lwmod@dividend              cstackCOMMON 007A
___lwmod@divisor               cstackCOMMON 0078
___sp                          stack        0000
___stackhi                     (abs)        0000
___stacklo                     (abs)        0000
___wmul                        text2        106B
___wmul@multiplicand           cstackCOMMON 0077
___wmul@multiplier             cstackCOMMON 0075
___wmul@product                cstackCOMMON 0079
___xxtofl                      text22       1398
___xxtofl@arg                  cstackBANK0  0038
___xxtofl@exp                  cstackBANK0  0037
___xxtofl@sign                 cstackBANK0  0036
___xxtofl@val                  cstackBANK0  002E
__end_of_ADC_Init              text32       1FD7
__end_of_ADC_Read              text29       1116
__end_of_PWM1_Duty             text3        161C
__end_of_PWM1_Start            text31       1FE0
__end_of_PWM2_Duty             text21       1538
__end_of_PWM2_Start            text30       000F
__end_of_PWM_Init              text27       11B8
__end_of__Umul8_16             text25       10B7
__end_of___aldiv               text28       08A0
__end_of___awdiv               text15       1398
__end_of___awmod               text14       132F
__end_of___fladd               text18       1000
__end_of___fldiv               text26       0D78
__end_of___fleq                text13       12D6
__end_of___flmul               text24       03EC
__end_of___flsub               text17       1286
__end_of___fltol               text23       008B
__end_of___lwdiv               text8        1236
__end_of___lwmod               text7        11F2
__end_of___wmul                text2        1090
__end_of___xxtofl              text22       1454
__end_of__initialization       cinit        07FC
__end_of__stringtab            strings      1010
__end_of_controlarCooler       text19       114B
__end_of_controlarValores      text16       1800
__end_of_controleMaximoMinimo  text20       106B
__end_of_dpowers               strings      101A
__end_of_imprimirValoresLcd    text5        09D1
__end_of_lcd_cmd               text11       1FF0
__end_of_lcd_dat               text10       2000
__end_of_lcd_init              text4        1181
__end_of_lcd_str               text9        10E2
__end_of_lcd_wr                text12       103C
__end_of_main                  maintext     0B15
__end_of_realizarCalculo       text1        07CE
__end_of_sprintf               text6        1704
__initialization               cinit        07CE
__pbssBANK1                    bssBANK1     00D9
__pbssBANK3                    bssBANK3     0190
__pcstackBANK0                 cstackBANK0  0020
__pcstackBANK1                 cstackBANK1  00A0
__pcstackCOMMON                cstackCOMMON 0070
__pdataBANK1                   dataBANK1    00E7
__pdataBANK3                   dataBANK3    01CA
__pidataBANK1                  idataBANK1   1FC6
__pidataBANK3                  idataBANK3   1FBE
__pmaintext                    maintext     09D1
__pstrings                     strings      1000
__ptext1                       text1        03EC
__ptext10                      text10       1FF0
__ptext11                      text11       1FE0
__ptext12                      text12       1036
__ptext13                      text13       1286
__ptext14                      text14       12D6
__ptext15                      text15       132F
__ptext16                      text16       1704
__ptext17                      text17       1236
__ptext18                      text18       0D78
__ptext19                      text19       1116
__ptext2                       text2        106B
__ptext20                      text20       104F
__ptext21                      text21       1454
__ptext22                      text22       1398
__ptext23                      text23       000F
__ptext24                      text24       008B
__ptext25                      text25       1090
__ptext26                      text26       0B15
__ptext27                      text27       1181
__ptext28                      text28       0803
__ptext29                      text29       10E2
__ptext3                       text3        1538
__ptext30                      text30       0004
__ptext31                      text31       1FD7
__ptext32                      text32       1FCE
__ptext4                       text4        114B
__ptext5                       text5        08A0
__ptext6                       text6        161C
__ptext7                       text7        11B8
__ptext8                       text8        11F2
__ptext9                       text9        10B7
__size_of_ADC_Init             (abs)        0000
__size_of_ADC_Read             (abs)        0000
__size_of_PWM1_Duty            (abs)        0000
__size_of_PWM1_Start           (abs)        0000
__size_of_PWM2_Duty            (abs)        0000
__size_of_PWM2_Start           (abs)        0000
__size_of_PWM_Init             (abs)        0000
__size_of__Umul8_16            (abs)        0000
__size_of___aldiv              (abs)        0000
__size_of___awdiv              (abs)        0000
__size_of___awmod              (abs)        0000
__size_of___fladd              (abs)        0000
__size_of___fldiv              (abs)        0000
__size_of___fleq               (abs)        0000
__size_of___flmul              (abs)        0000
__size_of___flsub              (abs)        0000
__size_of___fltol              (abs)        0000
__size_of___lwdiv              (abs)        0000
__size_of___lwmod              (abs)        0000
__size_of___wmul               (abs)        0000
__size_of___xxtofl             (abs)        0000
__size_of_controlarCooler      (abs)        0000
__size_of_controlarValores     (abs)        0000
__size_of_controleMaximoMinimo (abs)        0000
__size_of_imprimirValoresLcd   (abs)        0000
__size_of_lcd_cmd              (abs)        0000
__size_of_lcd_dat              (abs)        0000
__size_of_lcd_init             (abs)        0000
__size_of_lcd_str              (abs)        0000
__size_of_lcd_wr               (abs)        0000
__size_of_main                 (abs)        0000
__size_of_realizarCalculo      (abs)        0000
__size_of_sprintf              (abs)        0000
__stringbase                   strings      100F
__stringtab                    strings      1000
_controlarCooler               text19       1116
_controlarValores              text16       1704
_controleMaximoMinimo          text20       104F
_derivativo                    bssBANK3     0194
_dpowers                       strings      1010
_erro                          bssBANK3     01A0
_imprimirValoresLcd            text5        08A0
_integral                      bssBANK3     0198
_kd                            dataBANK3    01CA
_ki                            dataBANK3    01CE
_kp                            dataBANK1    00E7
_kpReferencia                  bssBANK3     01A8
_lcd_cmd                       text11       1FE0
_lcd_dat                       text10       1FF0
_lcd_init                      text4        114B
_lcd_str                       text9        10B7
_lcd_wr                        text12       1036
_main                          maintext     09D1
_menu                          dataBANK1    00ED
_proporcional                  bssBANK3     019C
_realizarCalculo               text1        03EC
_realizarCalculo$845           cstackBANK1  00CB
_realizarCalculo$846           cstackBANK1  00CF
_realizarCalculo$847           cstackBANK1  00D3
_realizarCalculo$848           cstackBANK1  00D7
_setPoint                      dataBANK1    00EB
_setPointReferencia            bssBANK1     00DD
_sprintf                       text6        161C
_string                        bssBANK3     01AA
_temperatura                   bssBANK1     00D9
_temperaturaReferencia         bssBANK3     01A4
btemp                          (abs)        007E
clear_ram0                     clrtext      1FB6
controlarCooler@cooler         cstackBANK1  00C3
controlarValores@S1Anterior    bssBANK1     00E6
controlarValores@S1Atual       bssBANK1     00E5
controlarValores@S2Anterior    bssBANK1     00E4
controlarValores@S2Atual       bssBANK1     00E3
controlarValores@S3Anterior    bssBANK1     00E2
controlarValores@S3Atual       bssBANK1     00E1
controlarValores@S4Anterior    bssBANK1     00E0
controlarValores@S4Atual       bssBANK1     00DF
controleMaximoMinimo@valor     cstackBANK0  002C
end_of_initialization          cinit        07FC
imprimirValoresLcd@centena     cstackBANK0  004B
imprimirValoresLcd@milhar      cstackBANK0  0049
init_fetch0                    inittext     103C
init_ram0                      inittext     1040
intlevel0                      functab      0000
intlevel1                      functab      0000
intlevel2                      functab      0000
intlevel3                      functab      0000
intlevel4                      functab      0000
intlevel5                      functab      0000
lcd_cmd@val                    cstackCOMMON 0071
lcd_dat@val                    cstackCOMMON 0071
lcd_str@i                      cstackCOMMON 0075
lcd_str@str                    cstackCOMMON 0072
lcd_wr@val                     cstackCOMMON 0070
reset_vec                      reset_vec    0000
sprintf@ap                     cstackBANK0  0028
sprintf@c                      cstackBANK0  002E
sprintf@f                      cstackBANK0  0020
sprintf@flag                   cstackBANK0  0029
sprintf@prec                   cstackBANK0  002A
sprintf@sp                     cstackBANK0  002D
sprintf@val                    cstackBANK0  002B
start                          init         0000
start_initialization           cinit        07CE
wtemp0                         (abs)        007E


MODULE INFORMATION

Module		Function		Class		Link	Load	Size
C:\Program Files\Microchip\xc8\v2.32\pic\sources\c90\common\sprcadd.c
		___flsub       		CODE           	1236	0000	80
		___fladd       		CODE           	0D78	0000	648

C:\Program Files\Microchip\xc8\v2.32\pic\sources\c90\common\sprcadd.c estimated size: 728

C:\Program Files\Microchip\xc8\v2.32\pic\sources\c90\common\xxtofl.c
		___xxtofl      		CODE           	1398	0000	188

C:\Program Files\Microchip\xc8\v2.32\pic\sources\c90\common\xxtofl.c estimated size: 188

C:\Program Files\Microchip\xc8\v2.32\pic\sources\c90\common\Umul8_16.c
		__Umul8_16     		CODE           	1090	0000	39

C:\Program Files\Microchip\xc8\v2.32\pic\sources\c90\common\Umul8_16.c estimated size: 39

adc.c
		_ADC_Read      		CODE           	10E2	0000	52
		_ADC_Init      		CODE           	1FCE	0000	9

adc.c estimated size: 61

C:\Program Files\Microchip\xc8\v2.32\pic\sources\c90\common\lwmod.c
		___lwmod       		CODE           	11B8	0000	58

C:\Program Files\Microchip\xc8\v2.32\pic\sources\c90\common\lwmod.c estimated size: 58

C:\Program Files\Microchip\xc8\v2.32\pic\sources\c90\common\awmod.c
		___awmod       		CODE           	12D6	0000	89

C:\Program Files\Microchip\xc8\v2.32\pic\sources\c90\common\awmod.c estimated size: 89

PWM.c
		_PWM1_Start    		CODE           	1FD7	0000	9
		_PWM2_Start    		CODE           	0004	0000	11
		_PWM1_Duty     		CODE           	1538	0000	228
		_PWM2_Duty     		CODE           	1454	0000	228
		_PWM_Init      		CODE           	1181	0000	55

PWM.c estimated size: 531

shared
		__stringtab    		STRING         	1000	0000	16
		_dpowers       		STRING         	1010	0000	10
		__initialization		CODE           	07CE	0000	46

shared estimated size: 72

C:\Program Files\Microchip\xc8\v2.32\pic\sources\c90\common\fleq.c
		___fleq        		CODE           	1286	0000	80

C:\Program Files\Microchip\xc8\v2.32\pic\sources\c90\common\fleq.c estimated size: 80

C:\Program Files\Microchip\xc8\v2.32\pic\sources\c90\common\sprcmul.c
		___flmul       		CODE           	008B	0000	865

C:\Program Files\Microchip\xc8\v2.32\pic\sources\c90\common\sprcmul.c estimated size: 865

C:\Program Files\Microchip\xc8\v2.32\pic\sources\c90\common\sprcdiv.c
		___fldiv       		CODE           	0B15	0000	611

C:\Program Files\Microchip\xc8\v2.32\pic\sources\c90\common\sprcdiv.c estimated size: 611

lcd.c
		_lcd_cmd       		CODE           	1FE0	0000	16
		_lcd_dat       		CODE           	1FF0	0000	16
		_lcd_wr        		CODE           	1036	0000	6
		_lcd_str       		CODE           	10B7	0000	43
		_lcd_init      		CODE           	114B	0000	54

lcd.c estimated size: 135

C:\Program Files\Microchip\xc8\v2.32\pic\sources\c90\common\doprnt.c
		_sprintf       		CODE           	161C	0000	232

C:\Program Files\Microchip\xc8\v2.32\pic\sources\c90\common\doprnt.c estimated size: 232

C:\Program Files\Microchip\xc8\v2.32\pic\sources\c90\common\lwdiv.c
		___lwdiv       		CODE           	11F2	0000	68

C:\Program Files\Microchip\xc8\v2.32\pic\sources\c90\common\lwdiv.c estimated size: 68

C:\Program Files\Microchip\xc8\v2.32\pic\sources\c90\common\awdiv.c
		___awdiv       		CODE           	132F	0000	105

C:\Program Files\Microchip\xc8\v2.32\pic\sources\c90\common\awdiv.c estimated size: 105

C:\Program Files\Microchip\xc8\v2.32\pic\sources\c90\common\Umul16.c
		___wmul        		CODE           	106B	0000	37

C:\Program Files\Microchip\xc8\v2.32\pic\sources\c90\common\Umul16.c estimated size: 37

main.c
		_controleMaximoMinimo		CODE           	104F	0000	28
		_imprimirValoresLcd		CODE           	08A0	0000	305
		_realizarCalculo		CODE           	03EC	0000	994
		_main          		CODE           	09D1	0000	324
		_controlarValores		CODE           	1704	0000	252
		_controlarCooler		CODE           	1116	0000	53

main.c estimated size: 1956

C:\Program Files\Microchip\xc8\v2.32\pic\sources\c90\common\fltol.c
		___fltol       		CODE           	000F	0000	124

C:\Program Files\Microchip\xc8\v2.32\pic\sources\c90\common\fltol.c estimated size: 124

C:\Program Files\Microchip\xc8\v2.32\pic\sources\c90\common\aldiv.c
		___aldiv       		CODE           	0803	0000	157

C:\Program Files\Microchip\xc8\v2.32\pic\sources\c90\common\aldiv.c estimated size: 157

