Microchip MPLAB XC8 Compiler V2.32

Linker command line:

-W-3 --edf=C:\Program Files\Microchip\xc8\v2.32\pic\dat\en_msgs.txt -cn \
  -h+dist/default/production\controladorPID.X.production.sym \
  --cmf=dist/default/production\controladorPID.X.production.cmf -z \
  -Q16F877A -oC:\Users\leoba\AppData\Local\Temp\xcAs3f4.4 \
  --defsym=__MPLAB_BUILD=1 \
  -Mdist/default/production/controladorPID.X.production.map -E1 \
  -ver=XC8 Compiler --acfsm=1493 -ASTACK=0130h-016Fh -pstack=STACK \
  -ACODE=00h-07FFhx4 -ASTRCODE=00h-01FFFh -ASTRING=00h-0FFhx32 \
  -ACONST=00h-0FFhx32 -AENTRY=00h-0FFhx32 -ACOMMON=070h-07Fh \
  -ABANK0=020h-06Fh -ABANK1=0A0h-0EFh -ABANK2=0110h-016Fh \
  -ABANK3=0190h-01EFh -ARAM=020h-06Fh,0A0h-0EFh,0110h-016Fh,0190h-01EFh \
  -AABS1=020h-07Fh,0A0h-0EFh,0110h-016Fh,0190h-01EFh -ASFR0=00h-01Fh \
  -ASFR1=080h-09Fh -ASFR2=0100h-010Fh -ASFR3=0180h-018Fh \
  -ACONFIG=02007h-02007h -DCONFIG=2 -AIDLOC=02000h-02003h -DIDLOC=2 \
  -AEEDATA=00h-0FFh/02100h -peeprom_data=EEDATA -DEEDATA=2 -DCODE=2 \
  -DSTRCODE=2 -DSTRING=2 -DCONST=2 -DENTRY=2 \
  -preset_vec=00h,intentry,init,end_init -ppowerup=CODE -pcinit=CODE \
  -pfunctab=ENTRY -k C:\Users\leoba\AppData\Local\Temp\xcAs3f4.o \
  dist/default/production\controladorPID.X.production.o 

Object code version is 3.11

Machine type is 16F877A



                Name                               Link     Load   Length Selector   Space Scale
C:\Users\leoba\AppData\Local\Temp\xcAs3f4.o
                end_init                              0        0        3        0       0
                config                             2007     2007        1        0       4
dist/default/production\controladorPID.X.production.o
                cinit                               7C6      7C6       3A      F8C       0
                config                             2007     2007        1        0       4
                text32                             11DE     11DE        9     23BC       0
                text31                             11E7     11E7        9     23CE       0
                text30                             11F0     11F0        B     23E0       0
                text29                             12DE     12DE       34     25BC       0
                text28                                6        6       9D        C       0
                text27                             137D     137D       37     26FA       0
                text26                              B15      B15      263     162A       0
                text25                             125C     125C       27     24B8       0
                text24                               A3       A3      361      146       0
                text23                             1529     1529       7C     2A52       0
                text22                             15A5     15A5       BC     2B4A       0
                text21                              865      865       E4     10CA       0
                text20                             121B     121B       1C     2436       0
                text19                             1312     1312       35     2624       0
                text18                             1472     1472       50     28E4       0
                text17                             11C0     11C0        6     2380       0
                text16                             11FB     11FB       10     23F6       0
                text15                             120B     120B       10     2416       0
                text14                             1283     1283       2B     2506       0
                text13                             142E     142E       44     285C       0
                text12                             13B4     13B4       3A     2768       0
                text11                              A2D      A2D       E8     145A       0
                text10                             1661     1661       CC     2CC2       0
                text9                              172D     172D       D3     2E5A       0
                text8                              1347     1347       36     268E       0
                text7                              13EE     13EE       40     27DC       0
                text6                               949      949       E4     1292       0
                text5                              14C2     14C2       67     2984       0
                text4                               D78      D78      288     1AF0       0
                text3                               815      815       50     102A       0
                text2                              1237     1237       25     246E       0
                text1                               404      404      3C2      808       0
                maintext                           12AE     12AE       30     255C       0
                cstackBANK0                          20       20       4F       20       1
                cstackCOMMON                         70       70        E       70       1
                cstackBANK1                          A0       A0       39       A0       1
                clrtext                            11C6     11C6        8     238C       0
                inittext                            802      802       13     1004       0
                bssBANK2                            110      110       20      110       1
                dataBANK3                           1CA      1CA        8      190       1
                bssBANK3                            190      190       3A      190       1
                dataBANK1                            E7       E7        8       A0       1
                bssBANK1                             D9       D9        E       A0       1
                strings                            1000     1000       2E     2000       0
                idataBANK3                         11CE     11CE        8     239C       0
                idataBANK1                         11D6     11D6        8     23AC       0

TOTAL           Name                               Link     Load   Length     Space
        CLASS   STACK          

        CLASS   CODE           
                end_init                              0        0        3         0
                cinit                               7C6      7C6       3A         0
                text32                             11DE     11DE        9         0
                text31                             11E7     11E7        9         0
                text30                             11F0     11F0        B         0
                text29                             12DE     12DE       34         0
                text28                                6        6       9D         0
                text27                             137D     137D       37         0
                text26                              B15      B15      263         0
                text25                             125C     125C       27         0
                text24                               A3       A3      361         0
                text23                             1529     1529       7C         0
                text22                             15A5     15A5       BC         0
                text21                              865      865       E4         0
                text20                             121B     121B       1C         0
                text19                             1312     1312       35         0
                text18                             1472     1472       50         0
                text17                             11C0     11C0        6         0
                text16                             11FB     11FB       10         0
                text15                             120B     120B       10         0
                text14                             1283     1283       2B         0
                text13                             142E     142E       44         0
                text12                             13B4     13B4       3A         0
                text11                              A2D      A2D       E8         0
                text10                             1661     1661       CC         0
                text9                              172D     172D       D3         0
                text8                              1347     1347       36         0
                text7                              13EE     13EE       40         0
                text6                               949      949       E4         0
                text5                              14C2     14C2       67         0
                text4                               D78      D78      288         0
                text3                               815      815       50         0
                text2                              1237     1237       25         0
                text1                               404      404      3C2         0
                maintext                           12AE     12AE       30         0
                clrtext                            11C6     11C6        8         0
                inittext                            802      802       13         0
                idataBANK3                         11CE     11CE        8         0
                idataBANK1                         11D6     11D6        8         0

        CLASS   STRCODE        

        CLASS   STRING         
                strings                            1000     1000       2E         0

        CLASS   CONST          

        CLASS   ENTRY          

        CLASS   COMMON         
                cstackCOMMON                         70       70        E         1

        CLASS   BANK0          
                cstackBANK0                          20       20       4F         1

        CLASS   BANK1          
                cstackBANK1                          A0       A0       39         1
                dataBANK1                            E7       E7        8         1
                bssBANK1                             D9       D9        E         1

        CLASS   BANK2          
                bssBANK2                            110      110       20         1

        CLASS   BANK3          
                dataBANK3                           1CA      1CA        8         1
                bssBANK3                            190      190       3A         1

        CLASS   RAM            

        CLASS   ABS1           
                abs_s1                               7E       7E        2         1

        CLASS   SFR0           

        CLASS   SFR1           

        CLASS   SFR2           

        CLASS   SFR3           

        CLASS   CONFIG         
                config                             2007     2007        1         4

        CLASS   IDLOC          

        CLASS   EEDATA         



SEGMENTS        Name                           Load    Length   Top    Selector   Space  Class     Delta

                reset_vec                      000000  000003  000003         0       0  CODE        2
                text28                         000006  00009D  0000A3         C       0  CODE        2
                cstackBANK0                    000020  00004F  00006F        20       1  BANK0       1
                cstackCOMMON                   000070  00000E  00007E        70       1  COMMON      1
                cstackBANK1                    0000A0  00004F  0000EF        A0       1  BANK1       1
                bssBANK2                       000110  000020  000130       110       1  BANK2       1
                text24                         0000A3  000361  000404       146       0  CODE        2
                bssBANK3                       000190  000042  0001D2       190       1  BANK3       1
                text1                          000404  0003C2  0007C6       808       0  CODE        2
                cinit                          0007C6  00003A  000800       F8C       0  CODE        2
                inittext                       000802  000013  000815      1004       0  CODE        2
                text3                          000815  000050  000865      102A       0  CODE        2
                text21                         000865  0000E4  000949      10CA       0  CODE        2
                text6                          000949  0000E4  000A2D      1292       0  CODE        2
                text11                         000A2D  0000E8  000B15      145A       0  CODE        2
                text26                         000B15  000263  000D78      162A       0  CODE        2
                text4                          000D78  000288  001000      1AF0       0  CODE        2
                strings                        001000  00002E  00102E      2000       0  STRING      2
                text17                         0011C0  000006  0011C6      2380       0  CODE        2
                clrtext                        0011C6  000008  0011CE      238C       0  CODE        2
                idataBANK3                     0011CE  000008  0011D6      239C       0  CODE        2
                idataBANK1                     0011D6  000008  0011DE      23AC       0  CODE        2
                text32                         0011DE  000009  0011E7      23BC       0  CODE        2
                text31                         0011E7  000009  0011F0      23CE       0  CODE        2
                text30                         0011F0  00000B  0011FB      23E0       0  CODE        2
                text16                         0011FB  000010  00120B      23F6       0  CODE        2
                text15                         00120B  000010  00121B      2416       0  CODE        2
                text20                         00121B  00001C  001237      2436       0  CODE        2
                text2                          001237  000025  00125C      246E       0  CODE        2
                text25                         00125C  000027  001283      24B8       0  CODE        2
                text14                         001283  00002B  0012AE      2506       0  CODE        2
                maintext                       0012AE  000030  0012DE      255C       0  CODE        2
                text29                         0012DE  000034  001312      25BC       0  CODE        2
                text19                         001312  000035  001347      2624       0  CODE        2
                text8                          001347  000036  00137D      268E       0  CODE        2
                text27                         00137D  000037  0013B4      26FA       0  CODE        2
                text12                         0013B4  00003A  0013EE      2768       0  CODE        2
                text7                          0013EE  000040  00142E      27DC       0  CODE        2
                text13                         00142E  000044  001472      285C       0  CODE        2
                text18                         001472  000050  0014C2      28E4       0  CODE        2
                text5                          0014C2  000067  001529      2984       0  CODE        2
                text23                         001529  00007C  0015A5      2A52       0  CODE        2
                text22                         0015A5  0000BC  001661      2B4A       0  CODE        2
                text10                         001661  0000CC  00172D      2CC2       0  CODE        2
                text9                          00172D  0000D3  001800      2E5A       0  CODE        2


UNUSED ADDRESS RANGES

        Name                Unused          Largest block    Delta
        BANK0            006F-006F              1           1
        BANK1            00EF-00EF              1           1
        BANK2            0130-016F             40           1
        BANK3            01D2-01EF             1E           1
        CODE             0003-0005              3           2
                         0800-0801              2
                         102E-11BF            192
                         1800-1FFF            800
        CONST            0003-0005              3           2
                         0800-0801              2
                         102E-11BF             D2
                         1800-1FFF            100
        EEDATA           2100-21FF            100           2
        ENTRY            0003-0005              3           2
                         0800-0801              2
                         102E-11BF             D2
                         1800-1FFF            100
        IDLOC            2000-2003              4           2
        RAM              006F-006F              1           1
                         00EF-00EF              1
                         0130-016F             40
                         01D2-01EF             1E
        SFR0             0000-001F             20           1
        SFR1             0080-009F             20           1
        SFR2             0100-010F             10           1
        SFR3             0180-018F             10           1
        STACK            0130-016F             40           1
        STRCODE          0003-0005              3           2
                         0800-0801              2
                         102E-11BF            192
                         1800-1FFF            800
        STRING           0003-0005              3           2
                         0800-0801              2
                         102E-11BF             D2
                         1800-1FFF            100

                                  Symbol Table

?_ADC_Read                     cstackCOMMON 0070
?__Umul8_16                    cstackCOMMON 0070
?___aldiv                      cstackCOMMON 0070
?___awdiv                      cstackCOMMON 0070
?___fladd                      cstackBANK0  0056
?___fldiv                      cstackBANK1  00A8
?___flmul                      cstackBANK0  003C
?___flsub                      cstackBANK1  00A0
?___fltol                      cstackBANK0  0026
?___lwdiv                      cstackCOMMON 0076
?___lwmod                      cstackCOMMON 0070
?___wmul                       cstackCOMMON 0075
?___xxtofl                     cstackBANK0  002E
?_controleMaximoMinimo         cstackBANK0  002C
?_sprintf                      cstackBANK0  0020
ADC_Read@channel               cstackCOMMON 0074
PWM1_Duty@duty                 cstackBANK1  00BD
PWM1_Duty@freq                 cstackBANK1  00BF
PWM2_Duty@duty                 cstackBANK1  00BD
PWM2_Duty@freq                 cstackBANK1  00BF
PWM_Init@freq                  cstackBANK0  0026
_ADCON0                        (abs)        001F
_ADCON1                        (abs)        009F
_ADC_Init                      text32       11DE
_ADC_Read                      text29       12DE
_ADRESH                        (abs)        001E
_ADRESL                        (abs)        009E
_CCP1M2                        (abs)        00BA
_CCP1M3                        (abs)        00BB
_CCP1X                         (abs)        00BD
_CCP1Y                         (abs)        00BC
_CCP2M2                        (abs)        00EA
_CCP2M3                        (abs)        00EB
_CCP2X                         (abs)        00ED
_CCP2Y                         (abs)        00EC
_CCPR1L                        (abs)        0015
_CCPR2L                        (abs)        001B
_GO_nDONE                      (abs)        00FA
_PID                           bssBANK3     0190
_PORTD                         (abs)        0008
_PORTEbits                     (abs)        0009
_PR2                           (abs)        0092
_PWM1_Duty                     text6        0949
_PWM1_Start                    text31       11E7
_PWM2_Duty                     text21       0865
_PWM2_Start                    text30       11F0
_PWM_Init                      text27       137D
_RB0                           (abs)        0030
_RB1                           (abs)        0031
_RB2                           (abs)        0032
_RB3                           (abs)        0033
_T2CKPS0                       (abs)        0090
_T2CKPS1                       (abs)        0091
_TMR2ON                        (abs)        0092
_TRISA                         (abs)        0085
_TRISB                         (abs)        0086
_TRISC                         (abs)        0087
_TRISC1                        (abs)        0439
_TRISC2                        (abs)        043A
_TRISD                         (abs)        0088
_TRISE                         (abs)        0089
__Habs1                        abs1         0000
__Hbank0                       bank0        0000
__Hbank1                       bank1        0000
__Hbank2                       bank2        0000
__Hbank3                       bank3        0000
__HbssBANK1                    bssBANK1     0000
__HbssBANK2                    bssBANK2     0000
__HbssBANK3                    bssBANK3     0000
__Hcinit                       cinit        0800
__Hclrtext                     clrtext      0000
__Hcode                        code         0000
__Hcommon                      common       0000
__Hconfig                      config       2008
__HcstackBANK0                 cstackBANK0  0000
__HcstackBANK1                 cstackBANK1  0000
__HcstackCOMMON                cstackCOMMON 0000
__HdataBANK1                   dataBANK1    0000
__HdataBANK3                   dataBANK3    0000
__Heeprom_data                 eeprom_data  0000
__Hend_init                    end_init     0003
__Hfunctab                     functab      0000
__HidataBANK1                  idataBANK1   0000
__HidataBANK3                  idataBANK3   0000
__Hinit                        init         0000
__Hinittext                    inittext     0000
__Hintentry                    intentry     0000
__Hmaintext                    maintext     0000
__Hpowerup                     powerup      0000
__Hram                         ram          0000
__Hreset_vec                   reset_vec    0000
__Hsfr0                        sfr0         0000
__Hsfr1                        sfr1         0000
__Hsfr2                        sfr2         0000
__Hsfr3                        sfr3         0000
__Hspace_0                     (abs)        1800
__Hspace_1                     (abs)        01D2
__Hspace_2                     (abs)        0000
__Hspace_3                     (abs)        0000
__Hspace_4                     (abs)        400F
__Hstack                       stack        0000
__Hstrings                     strings      0000
__Htext                        text         0000
__Labs1                        abs1         0000
__Lbank0                       bank0        0000
__Lbank1                       bank1        0000
__Lbank2                       bank2        0000
__Lbank3                       bank3        0000
__LbssBANK1                    bssBANK1     0000
__LbssBANK2                    bssBANK2     0000
__LbssBANK3                    bssBANK3     0000
__Lcinit                       cinit        07C6
__Lclrtext                     clrtext      0000
__Lcode                        code         0000
__Lcommon                      common       0000
__Lconfig                      config       0000
__LcstackBANK0                 cstackBANK0  0000
__LcstackBANK1                 cstackBANK1  0000
__LcstackCOMMON                cstackCOMMON 0000
__LdataBANK1                   dataBANK1    0000
__LdataBANK3                   dataBANK3    0000
__Leeprom_data                 eeprom_data  0000
__Lend_init                    end_init     0000
__Lfunctab                     functab      0000
__LidataBANK1                  idataBANK1   0000
__LidataBANK3                  idataBANK3   0000
__Linit                        init         0000
__Linittext                    inittext     0000
__Lintentry                    intentry     0000
__Lmaintext                    maintext     0000
__Lpowerup                     powerup      0000
__Lram                         ram          0000
__Lreset_vec                   reset_vec    0000
__Lsfr0                        sfr0         0000
__Lsfr1                        sfr1         0000
__Lsfr2                        sfr2         0000
__Lsfr3                        sfr3         0000
__Lspace_0                     (abs)        0000
__Lspace_1                     (abs)        0000
__Lspace_2                     (abs)        0000
__Lspace_3                     (abs)        0000
__Lspace_4                     (abs)        0000
__Lstack                       stack        0000
__Lstrings                     strings      0000
__Ltext                        text         0000
__S0                           (abs)        1800
__S1                           (abs)        01D2
__S2                           (abs)        0000
__S3                           (abs)        0000
__Umul8_16                     text25       125C
__Umul8_16@multiplicand        cstackCOMMON 0070
__Umul8_16@multiplier          cstackCOMMON 0078
__Umul8_16@product             cstackCOMMON 0074
__Umul8_16@word_mpld           cstackCOMMON 0076
___aldiv                       text28       0006
___aldiv@counter               cstackBANK0  0020
___aldiv@dividend              cstackCOMMON 0074
___aldiv@divisor               cstackCOMMON 0070
___aldiv@quotient              cstackBANK0  0022
___aldiv@sign                  cstackBANK0  0021
___awdiv                       text5        14C2
___awdiv@counter               cstackCOMMON 0075
___awdiv@dividend              cstackCOMMON 0072
___awdiv@divisor               cstackCOMMON 0070
___awdiv@quotient              cstackCOMMON 0077
___awdiv@sign                  cstackCOMMON 0076
___fladd                       text4        0D78
___fladd@a                     cstackBANK0  005A
___fladd@aexp                  cstackBANK0  0067
___fladd@b                     cstackBANK0  0056
___fladd@bexp                  cstackBANK0  0068
___fladd@grs                   cstackBANK0  0069
___fladd@signs                 cstackBANK0  0066
___fldiv                       text26       0B15
___fldiv@a                     cstackBANK1  00A8
___fldiv@aexp                  cstackBANK1  00BC
___fldiv@b                     cstackBANK1  00AC
___fldiv@bexp                  cstackBANK1  00BB
___fldiv@grs                   cstackBANK1  00B7
___fldiv@new_exp               cstackBANK1  00B5
___fldiv@rem                   cstackBANK1  00B0
___fldiv@sign                  cstackBANK1  00B4
___fleq                        text18       1472
___fleq@ff1                    cstackBANK0  003C
___fleq@ff2                    cstackBANK0  0040
___flmul                       text24       00A3
___flmul@a                     cstackBANK0  0040
___flmul@aexp                  cstackBANK0  004E
___flmul@b                     cstackBANK0  003C
___flmul@bexp                  cstackBANK0  004F
___flmul@grs                   cstackBANK0  004A
___flmul@prod                  cstackBANK0  0050
___flmul@sign                  cstackBANK0  0049
___flmul@temp                  cstackBANK0  0054
___flsub                       text3        0815
___flsub@a                     cstackBANK1  00A0
___flsub@b                     cstackBANK1  00A4
___fltol                       text23       1529
___fltol@exp1                  cstackBANK0  002B
___fltol@f1                    cstackBANK0  0026
___fltol@sign1                 cstackBANK0  002A
___int_sp                      stack        0000
___latbits                     (abs)        0002
___lwdiv                       text13       142E
___lwdiv@counter               cstackCOMMON 007D
___lwdiv@dividend              cstackCOMMON 0078
___lwdiv@divisor               cstackCOMMON 0076
___lwdiv@quotient              cstackCOMMON 007B
___lwmod                       text12       13B4
___lwmod@counter               cstackCOMMON 0075
___lwmod@dividend              cstackCOMMON 0072
___lwmod@divisor               cstackCOMMON 0070
___sp                          stack        0000
___stackhi                     (abs)        0000
___stacklo                     (abs)        0000
___wmul                        text2        1237
___wmul@multiplicand           cstackCOMMON 0077
___wmul@multiplier             cstackCOMMON 0075
___wmul@product                cstackCOMMON 0079
___xxtofl                      text22       15A5
___xxtofl@arg                  cstackBANK0  0038
___xxtofl@exp                  cstackBANK0  0037
___xxtofl@sign                 cstackBANK0  0036
___xxtofl@val                  cstackBANK0  002E
__end_of_ADC_Init              text32       11E7
__end_of_ADC_Read              text29       1312
__end_of_PWM1_Duty             text6        0A2D
__end_of_PWM1_Start            text31       11F0
__end_of_PWM2_Duty             text21       0949
__end_of_PWM2_Start            text30       11FB
__end_of_PWM_Init              text27       13B4
__end_of__Umul8_16             text25       1283
__end_of___aldiv               text28       00A3
__end_of___awdiv               text5        1529
__end_of___fladd               text4        1000
__end_of___fldiv               text26       0D78
__end_of___fleq                text18       14C2
__end_of___flmul               text24       0404
__end_of___flsub               text3        0865
__end_of___fltol               text23       15A5
__end_of___lwdiv               text13       1472
__end_of___lwmod               text12       13EE
__end_of___wmul                text2        125C
__end_of___xxtofl              text22       1661
__end_of__initialization       cinit        07FC
__end_of__stringtab            strings      1010
__end_of_controlarCooler       text19       1347
__end_of_controleMaximoMinimo  text20       1237
__end_of_dpowers               strings      101A
__end_of_imprimirTemperatura   text10       172D
__end_of_imprimirValoresLcd    text9        1800
__end_of_iniciarLcd            text7        142E
__end_of_lcd_cmd               text16       120B
__end_of_lcd_dat               text15       121B
__end_of_lcd_init              text8        137D
__end_of_lcd_str               text14       12AE
__end_of_lcd_wr                text17       11C6
__end_of_main                  maintext     12DE
__end_of_realizarCalculo       text1        07C6
__end_of_sprintf               text11       0B15
__initialization               cinit        07C6
__pbssBANK1                    bssBANK1     00D9
__pbssBANK2                    bssBANK2     0110
__pbssBANK3                    bssBANK3     0190
__pcstackBANK0                 cstackBANK0  0020
__pcstackBANK1                 cstackBANK1  00A0
__pcstackCOMMON                cstackCOMMON 0070
__pdataBANK1                   dataBANK1    00E7
__pdataBANK3                   dataBANK3    01CA
__pidataBANK1                  idataBANK1   11D6
__pidataBANK3                  idataBANK3   11CE
__pmaintext                    maintext     12AE
__pstrings                     strings      1000
__ptext1                       text1        0404
__ptext10                      text10       1661
__ptext11                      text11       0A2D
__ptext12                      text12       13B4
__ptext13                      text13       142E
__ptext14                      text14       1283
__ptext15                      text15       120B
__ptext16                      text16       11FB
__ptext17                      text17       11C0
__ptext18                      text18       1472
__ptext19                      text19       1312
__ptext2                       text2        1237
__ptext20                      text20       121B
__ptext21                      text21       0865
__ptext22                      text22       15A5
__ptext23                      text23       1529
__ptext24                      text24       00A3
__ptext25                      text25       125C
__ptext26                      text26       0B15
__ptext27                      text27       137D
__ptext28                      text28       0006
__ptext29                      text29       12DE
__ptext3                       text3        0815
__ptext30                      text30       11F0
__ptext31                      text31       11E7
__ptext32                      text32       11DE
__ptext4                       text4        0D78
__ptext5                       text5        14C2
__ptext6                       text6        0949
__ptext7                       text7        13EE
__ptext8                       text8        1347
__ptext9                       text9        172D
__size_of_ADC_Init             (abs)        0000
__size_of_ADC_Read             (abs)        0000
__size_of_PWM1_Duty            (abs)        0000
__size_of_PWM1_Start           (abs)        0000
__size_of_PWM2_Duty            (abs)        0000
__size_of_PWM2_Start           (abs)        0000
__size_of_PWM_Init             (abs)        0000
__size_of__Umul8_16            (abs)        0000
__size_of___aldiv              (abs)        0000
__size_of___awdiv              (abs)        0000
__size_of___fladd              (abs)        0000
__size_of___fldiv              (abs)        0000
__size_of___fleq               (abs)        0000
__size_of___flmul              (abs)        0000
__size_of___flsub              (abs)        0000
__size_of___fltol              (abs)        0000
__size_of___lwdiv              (abs)        0000
__size_of___lwmod              (abs)        0000
__size_of___wmul               (abs)        0000
__size_of___xxtofl             (abs)        0000
__size_of_controlarCooler      (abs)        0000
__size_of_controleMaximoMinimo (abs)        0000
__size_of_imprimirTemperatura  (abs)        0000
__size_of_imprimirValoresLcd   (abs)        0000
__size_of_iniciarLcd           (abs)        0000
__size_of_lcd_cmd              (abs)        0000
__size_of_lcd_dat              (abs)        0000
__size_of_lcd_init             (abs)        0000
__size_of_lcd_str              (abs)        0000
__size_of_lcd_wr               (abs)        0000
__size_of_main                 (abs)        0000
__size_of_realizarCalculo      (abs)        0000
__size_of_sprintf              (abs)        0000
__stringbase                   strings      100F
__stringtab                    strings      1000
_controlarCooler               text19       1312
_controleMaximoMinimo          text20       121B
_derivativo                    bssBANK3     0194
_dpowers                       strings      1010
_erro                          bssBANK3     01A0
_imprimirTemperatura           text10       1661
_imprimirTemperatura$859       cstackBANK0  0038
_imprimirValoresLcd            text9        172D
_iniciarLcd                    text7        13EE
_integral                      bssBANK3     0198
_kp                            dataBANK1    00E7
_kpReferencia                  bssBANK3     01A8
_kp_string                     bssBANK2     0110
_lcd_cmd                       text16       11FB
_lcd_dat                       text15       120B
_lcd_init                      text8        1347
_lcd_str                       text14       1283
_lcd_wr                        text17       11C0
_main                          maintext     12AE
_menu                          dataBANK1    00ED
_proporcional                  bssBANK3     019C
_realizarCalculo               text1        0404
_realizarCalculo$860           cstackBANK1  00CB
_realizarCalculo$861           cstackBANK1  00CF
_realizarCalculo$862           cstackBANK1  00D3
_realizarCalculo$863           cstackBANK1  00D7
_setPoint                      dataBANK1    00EB
_setPointReferencia            bssBANK1     00DD
_setPoint_string               bssBANK3     01AA
_sprintf                       text11       0A2D
_temperatura                   bssBANK1     00D9
_temperaturaReferencia         bssBANK3     01A4
btemp                          (abs)        007E
clear_ram0                     clrtext      11C6
controlarCooler@cooler         cstackBANK1  00C3
controlarValores@S1Anterior    bssBANK1     00E6
controlarValores@S1Atual       bssBANK1     00E5
controlarValores@S2Anterior    bssBANK1     00E4
controlarValores@S2Atual       bssBANK1     00E3
controlarValores@S3Anterior    bssBANK1     00E2
controlarValores@S3Atual       bssBANK1     00E1
controlarValores@S4Anterior    bssBANK1     00E0
controlarValores@S4Atual       bssBANK1     00DF
controleMaximoMinimo@valor     cstackBANK0  002C
end_of_initialization          cinit        07FC
imprimirTemperatura@centena    cstackBANK0  0034
imprimirTemperatura@dezena     cstackBANK0  0036
imprimirTemperatura@milhar     cstackBANK0  0032
imprimirTemperatura@tempSet    cstackBANK0  002F
init_fetch0                    inittext     0802
init_ram0                      inittext     0806
intlevel0                      functab      0000
intlevel1                      functab      0000
intlevel2                      functab      0000
intlevel3                      functab      0000
intlevel4                      functab      0000
intlevel5                      functab      0000
lcd_cmd@val                    cstackCOMMON 0071
lcd_dat@val                    cstackCOMMON 0071
lcd_str@i                      cstackCOMMON 0075
lcd_str@str                    cstackCOMMON 0072
lcd_wr@val                     cstackCOMMON 0070
reset_vec                      reset_vec    0000
sprintf@ap                     cstackBANK0  0028
sprintf@c                      cstackBANK0  002E
sprintf@f                      cstackBANK0  0020
sprintf@flag                   cstackBANK0  0029
sprintf@prec                   cstackBANK0  002A
sprintf@sp                     cstackBANK0  002D
sprintf@val                    cstackBANK0  002B
start                          init         0000
start_initialization           cinit        07C6
wtemp0                         (abs)        007E


MODULE INFORMATION

Module		Function		Class		Link	Load	Size
C:\Program Files\Microchip\xc8\v2.32\pic\sources\c90\common\sprcadd.c
		___flsub       		CODE           	0815	0000	80
		___fladd       		CODE           	0D78	0000	648

C:\Program Files\Microchip\xc8\v2.32\pic\sources\c90\common\sprcadd.c estimated size: 728

C:\Program Files\Microchip\xc8\v2.32\pic\sources\c90\common\xxtofl.c
		___xxtofl      		CODE           	15A5	0000	188

C:\Program Files\Microchip\xc8\v2.32\pic\sources\c90\common\xxtofl.c estimated size: 188

C:\Program Files\Microchip\xc8\v2.32\pic\sources\c90\common\Umul8_16.c
		__Umul8_16     		CODE           	125C	0000	39

C:\Program Files\Microchip\xc8\v2.32\pic\sources\c90\common\Umul8_16.c estimated size: 39

adc.c
		_ADC_Read      		CODE           	12DE	0000	52
		_ADC_Init      		CODE           	11DE	0000	9

adc.c estimated size: 61

C:\Program Files\Microchip\xc8\v2.32\pic\sources\c90\common\lwmod.c
		___lwmod       		CODE           	13B4	0000	58

C:\Program Files\Microchip\xc8\v2.32\pic\sources\c90\common\lwmod.c estimated size: 58

PWM.c
		_PWM1_Start    		CODE           	11E7	0000	9
		_PWM2_Start    		CODE           	11F0	0000	11
		_PWM1_Duty     		CODE           	0949	0000	228
		_PWM2_Duty     		CODE           	0865	0000	228
		_PWM_Init      		CODE           	137D	0000	55

PWM.c estimated size: 531

shared
		__stringtab    		STRING         	1000	0000	16
		_dpowers       		STRING         	1010	0000	10
		__initialization		CODE           	07C6	0000	54

shared estimated size: 80

C:\Program Files\Microchip\xc8\v2.32\pic\sources\c90\common\fleq.c
		___fleq        		CODE           	1472	0000	80

C:\Program Files\Microchip\xc8\v2.32\pic\sources\c90\common\fleq.c estimated size: 80

C:\Program Files\Microchip\xc8\v2.32\pic\sources\c90\common\sprcmul.c
		___flmul       		CODE           	00A3	0000	865

C:\Program Files\Microchip\xc8\v2.32\pic\sources\c90\common\sprcmul.c estimated size: 865

C:\Program Files\Microchip\xc8\v2.32\pic\sources\c90\common\sprcdiv.c
		___fldiv       		CODE           	0B15	0000	611

C:\Program Files\Microchip\xc8\v2.32\pic\sources\c90\common\sprcdiv.c estimated size: 611

lcd.c
		_lcd_cmd       		CODE           	11FB	0000	16
		_lcd_dat       		CODE           	120B	0000	16
		_lcd_wr        		CODE           	11C0	0000	6
		_lcd_str       		CODE           	1283	0000	43
		_lcd_init      		CODE           	1347	0000	54

lcd.c estimated size: 135

C:\Program Files\Microchip\xc8\v2.32\pic\sources\c90\common\doprnt.c
		_sprintf       		CODE           	0A2D	0000	232

C:\Program Files\Microchip\xc8\v2.32\pic\sources\c90\common\doprnt.c estimated size: 232

C:\Program Files\Microchip\xc8\v2.32\pic\sources\c90\common\lwdiv.c
		___lwdiv       		CODE           	142E	0000	68

C:\Program Files\Microchip\xc8\v2.32\pic\sources\c90\common\lwdiv.c estimated size: 68

C:\Program Files\Microchip\xc8\v2.32\pic\sources\c90\common\awdiv.c
		___awdiv       		CODE           	14C2	0000	103

C:\Program Files\Microchip\xc8\v2.32\pic\sources\c90\common\awdiv.c estimated size: 103

C:\Program Files\Microchip\xc8\v2.32\pic\sources\c90\common\Umul16.c
		___wmul        		CODE           	1237	0000	37

C:\Program Files\Microchip\xc8\v2.32\pic\sources\c90\common\Umul16.c estimated size: 37

main.c
		_imprimirTemperatura		CODE           	1661	0000	204
		_controleMaximoMinimo		CODE           	121B	0000	28
		_imprimirValoresLcd		CODE           	172D	0000	211
		_realizarCalculo		CODE           	0404	0000	962
		_main          		CODE           	12AE	0000	48
		_iniciarLcd    		CODE           	13EE	0000	64
		_controlarCooler		CODE           	1312	0000	53

main.c estimated size: 1570

C:\Program Files\Microchip\xc8\v2.32\pic\sources\c90\common\fltol.c
		___fltol       		CODE           	1529	0000	124

C:\Program Files\Microchip\xc8\v2.32\pic\sources\c90\common\fltol.c estimated size: 124

C:\Program Files\Microchip\xc8\v2.32\pic\sources\c90\common\aldiv.c
		___aldiv       		CODE           	0006	0000	157

C:\Program Files\Microchip\xc8\v2.32\pic\sources\c90\common\aldiv.c estimated size: 157

