Microchip MPLAB XC8 Compiler V2.32

Linker command line:

-W-3 --edf=C:\Program Files\Microchip\xc8\v2.32\pic\dat\en_msgs.txt -cn \
  -h+dist/default/production\controladorPID.X.production.sym \
  --cmf=dist/default/production\controladorPID.X.production.cmf -z \
  -Q16F877A -oC:\Users\leoba\AppData\Local\Temp\xcAsa0.4 \
  --defsym=__MPLAB_BUILD=1 \
  -Mdist/default/production/controladorPID.X.production.map -E1 \
  -ver=XC8 Compiler --acfsm=1493 -ASTACK=0110h-016Fh -pstack=STACK \
  -ACODE=00h-07FFhx4 -ASTRCODE=00h-01FFFh -ASTRING=00h-0FFhx32 \
  -ACONST=00h-0FFhx32 -AENTRY=00h-0FFhx32 -ACOMMON=070h-07Fh \
  -ABANK0=020h-06Fh -ABANK1=0A0h-0EFh -ABANK2=0110h-016Fh \
  -ABANK3=0190h-01EFh -ARAM=020h-06Fh,0A0h-0EFh,0110h-016Fh,0190h-01EFh \
  -AABS1=020h-07Fh,0A0h-0EFh,0110h-016Fh,0190h-01EFh -ASFR0=00h-01Fh \
  -ASFR1=080h-09Fh -ASFR2=0100h-010Fh -ASFR3=0180h-018Fh \
  -ACONFIG=02007h-02007h -DCONFIG=2 -AIDLOC=02000h-02003h -DIDLOC=2 \
  -AEEDATA=00h-0FFh/02100h -peeprom_data=EEDATA -DEEDATA=2 -DCODE=2 \
  -DSTRCODE=2 -DSTRING=2 -DCONST=2 -DENTRY=2 \
  -preset_vec=00h,intentry,init,end_init -ppowerup=CODE -pcinit=CODE \
  -pfunctab=ENTRY -k C:\Users\leoba\AppData\Local\Temp\xcAsa0.o \
  dist/default/production\controladorPID.X.production.o 

Object code version is 3.11

Machine type is 16F877A



                Name                               Link     Load   Length Selector   Space Scale
C:\Users\leoba\AppData\Local\Temp\xcAsa0.o
                end_init                              0        0        3        0       0
                config                             2007     2007        1        0       4
dist/default/production\controladorPID.X.production.o
                cinit                               7DB      7DB       25      FB6       0
                config                             2007     2007        1        0       4
                text31                             1187     1187        9     230E       0
                text30                              803      803        9     1006       0
                text29                                7        7        B        E       0
                text28                             1256     1256       34     24AC       0
                text27                             1476     1476       9D     28EC       0
                text26                             12F5     12F5       37     25EA       0
                text25                              B15      B15      263     162A       0
                text24                             1204     1204       27     2408       0
                text23                               7B       7B      361       F6       0
                text22                             13FA     13FA       7C     27F4       0
                text21                             15B0     15B0       BC     2B60       0
                text20                              865      865       E4     10CA       0
                text19                             11C3     11C3       1C     2386       0
                text18                             128A     128A       35     2514       0
                text17                             1513     1513       9D     2A26       0
                text16                               12       12       69       24       0
                text15                              80C      80C       59     1018       0
                text14                             1171     1171        6     22E2       0
                text13                             1190     1190       10     2320       0
                text12                             11A0     11A0       10     2340       0
                text11                             122B     122B       2B     2456       0
                text10                             1366     1366       44     26CC       0
                text9                              132C     132C       3A     2658       0
                text8                               A2D      A2D       E8     145A       0
                text7                              1728     1728       D8     2E50       0
                text6                              12BF     12BF       36     257E       0
                text5                               949      949       E4     1292       0
                text4                               D78      D78      288     1AF0       0
                text3                              13AA     13AA       50     2754       0
                text2                              11DF     11DF       25     23BE       0
                text1                               3DC      3DC      3FF      7B8       0
                maintext                           166C     166C       BC     2CD8       0
                cstackBANK0                          20       20       4F       20       1
                cstackCOMMON                         70       70        E       70       1
                cstackBANK1                          A0       A0       39       A0       1
                clrtext                            1177     1177        8     22EE       0
                inittext                           11B0     11B0       13     2360       0
                bssBANK3                            190      190       3A      190       1
                dataBANK1                            E8       E8        8       A0       1
                bssBANK1                             D9       D9        F       A0       1
                bssBANK0                             6F       6F        1       20       1
                strings                            1000     1000       35     2000       0
                idataBANK1                         117F     117F        8     22FE       0

TOTAL           Name                               Link     Load   Length     Space
        CLASS   STACK          

        CLASS   CODE           
                end_init                              0        0        3         0
                cinit                               7DB      7DB       25         0
                text31                             1187     1187        9         0
                text30                              803      803        9         0
                text29                                7        7        B         0
                text28                             1256     1256       34         0
                text27                             1476     1476       9D         0
                text26                             12F5     12F5       37         0
                text25                              B15      B15      263         0
                text24                             1204     1204       27         0
                text23                               7B       7B      361         0
                text22                             13FA     13FA       7C         0
                text21                             15B0     15B0       BC         0
                text20                              865      865       E4         0
                text19                             11C3     11C3       1C         0
                text18                             128A     128A       35         0
                text17                             1513     1513       9D         0
                text16                               12       12       69         0
                text15                              80C      80C       59         0
                text14                             1171     1171        6         0
                text13                             1190     1190       10         0
                text12                             11A0     11A0       10         0
                text11                             122B     122B       2B         0
                text10                             1366     1366       44         0
                text9                              132C     132C       3A         0
                text8                               A2D      A2D       E8         0
                text7                              1728     1728       D8         0
                text6                              12BF     12BF       36         0
                text5                               949      949       E4         0
                text4                               D78      D78      288         0
                text3                              13AA     13AA       50         0
                text2                              11DF     11DF       25         0
                text1                               3DC      3DC      3FF         0
                maintext                           166C     166C       BC         0
                clrtext                            1177     1177        8         0
                inittext                           11B0     11B0       13         0
                idataBANK1                         117F     117F        8         0

        CLASS   STRCODE        

        CLASS   STRING         
                strings                            1000     1000       35         0

        CLASS   CONST          

        CLASS   ENTRY          

        CLASS   COMMON         
                cstackCOMMON                         70       70        E         1

        CLASS   BANK0          
                cstackBANK0                          20       20       4F         1
                bssBANK0                             6F       6F        1         1

        CLASS   BANK1          
                cstackBANK1                          A0       A0       39         1
                dataBANK1                            E8       E8        8         1
                bssBANK1                             D9       D9        F         1

        CLASS   BANK2          

        CLASS   BANK3          
                bssBANK3                            190      190       3A         1

        CLASS   RAM            

        CLASS   ABS1           
                abs_s1                               7E       7E        2         1

        CLASS   SFR0           

        CLASS   SFR1           

        CLASS   SFR2           

        CLASS   SFR3           

        CLASS   CONFIG         
                config                             2007     2007        1         4

        CLASS   IDLOC          

        CLASS   EEDATA         



SEGMENTS        Name                           Load    Length   Top    Selector   Space  Class     Delta

                reset_vec                      000000  000003  000003         0       0  CODE        2
                text29                         000007  00000B  000012         E       0  CODE        2
                cstackBANK0                    000020  000050  000070        20       1  BANK0       1
                text16                         000012  000069  00007B        24       0  CODE        2
                cstackCOMMON                   000070  00000E  00007E        70       1  COMMON      1
                cstackBANK1                    0000A0  000050  0000F0        A0       1  BANK1       1
                text23                         00007B  000361  0003DC        F6       0  CODE        2
                bssBANK3                       000190  00003A  0001CA       190       1  BANK3       1
                text1                          0003DC  0003FF  0007DB       7B8       0  CODE        2
                cinit                          0007DB  000025  000800       FB6       0  CODE        2
                text30                         000803  000009  00080C      1006       0  CODE        2
                text15                         00080C  000059  000865      1018       0  CODE        2
                text20                         000865  0000E4  000949      10CA       0  CODE        2
                text5                          000949  0000E4  000A2D      1292       0  CODE        2
                text8                          000A2D  0000E8  000B15      145A       0  CODE        2
                text25                         000B15  000263  000D78      162A       0  CODE        2
                text4                          000D78  000288  001000      1AF0       0  CODE        2
                strings                        001000  000035  001035      2000       0  STRING      2
                text14                         001171  000006  001177      22E2       0  CODE        2
                clrtext                        001177  000008  00117F      22EE       0  CODE        2
                idataBANK1                     00117F  000008  001187      22FE       0  CODE        2
                text31                         001187  000009  001190      230E       0  CODE        2
                text13                         001190  000010  0011A0      2320       0  CODE        2
                text12                         0011A0  000010  0011B0      2340       0  CODE        2
                inittext                       0011B0  000013  0011C3      2360       0  CODE        2
                text19                         0011C3  00001C  0011DF      2386       0  CODE        2
                text2                          0011DF  000025  001204      23BE       0  CODE        2
                text24                         001204  000027  00122B      2408       0  CODE        2
                text11                         00122B  00002B  001256      2456       0  CODE        2
                text28                         001256  000034  00128A      24AC       0  CODE        2
                text18                         00128A  000035  0012BF      2514       0  CODE        2
                text6                          0012BF  000036  0012F5      257E       0  CODE        2
                text26                         0012F5  000037  00132C      25EA       0  CODE        2
                text9                          00132C  00003A  001366      2658       0  CODE        2
                text10                         001366  000044  0013AA      26CC       0  CODE        2
                text3                          0013AA  000050  0013FA      2754       0  CODE        2
                text22                         0013FA  00007C  001476      27F4       0  CODE        2
                text27                         001476  00009D  001513      28EC       0  CODE        2
                text17                         001513  00009D  0015B0      2A26       0  CODE        2
                text21                         0015B0  0000BC  00166C      2B60       0  CODE        2
                maintext                       00166C  0000BC  001728      2CD8       0  CODE        2
                text7                          001728  0000D8  001800      2E50       0  CODE        2


UNUSED ADDRESS RANGES

        Name                Unused          Largest block    Delta
        BANK2            0110-016F             60           1
        BANK3            01CA-01EF             26           1
        CODE             0003-0006              4           2
                         0800-0802              3
                         1035-1170            13C
                         1800-1FFF            800
        CONST            0003-0006              4           2
                         0800-0802              3
                         1035-1170             CB
                         1800-1FFF            100
        EEDATA           2100-21FF            100           2
        ENTRY            0003-0006              4           2
                         0800-0802              3
                         1035-1170             CB
                         1800-1FFF            100
        IDLOC            2000-2003              4           2
        RAM              0110-016F             60           1
                         01CA-01EF             26
        SFR0             0000-001F             20           1
        SFR1             0080-009F             20           1
        SFR2             0100-010F             10           1
        SFR3             0180-018F             10           1
        STACK            0110-016F             60           1
        STRCODE          0003-0006              4           2
                         0800-0802              3
                         1035-1170            13C
                         1800-1FFF            800
        STRING           0003-0006              4           2
                         0800-0802              3
                         1035-1170             CB
                         1800-1FFF            100

                                  Symbol Table

?_ADC_Read                     cstackCOMMON 0070
?__Umul8_16                    cstackCOMMON 0070
?___aldiv                      cstackCOMMON 0070
?___awdiv                      cstackCOMMON 0077
?___awmod                      cstackCOMMON 0070
?___fladd                      cstackBANK0  0056
?___fldiv                      cstackBANK1  00A8
?___flmul                      cstackBANK0  003C
?___flsub                      cstackBANK1  00A0
?___fltol                      cstackBANK0  0026
?___lwdiv                      cstackCOMMON 0070
?___lwmod                      cstackCOMMON 0078
?___wmul                       cstackCOMMON 0075
?___xxtofl                     cstackBANK0  002E
?_controleMaximoMinimo         cstackBANK0  002C
?_sprintf                      cstackBANK0  0020
ADC_Read@channel               cstackCOMMON 0074
PWM1_Duty@duty                 cstackBANK1  00BD
PWM1_Duty@freq                 cstackBANK1  00BF
PWM2_Duty@duty                 cstackBANK1  00BD
PWM2_Duty@freq                 cstackBANK1  00BF
PWM_Init@freq                  cstackBANK0  0026
_ADCON0                        (abs)        001F
_ADCON1                        (abs)        009F
_ADC_Init                      text31       1187
_ADC_Read                      text28       1256
_ADRESH                        (abs)        001E
_ADRESL                        (abs)        009E
_CCP1M2                        (abs)        00BA
_CCP1M3                        (abs)        00BB
_CCP1X                         (abs)        00BD
_CCP1Y                         (abs)        00BC
_CCP2M2                        (abs)        00EA
_CCP2M3                        (abs)        00EB
_CCP2X                         (abs)        00ED
_CCP2Y                         (abs)        00EC
_CCPR1L                        (abs)        0015
_CCPR2L                        (abs)        001B
_GO_nDONE                      (abs)        00FA
_PID                           bssBANK3     0190
_PORTD                         (abs)        0008
_PORTEbits                     (abs)        0009
_PR2                           (abs)        0092
_PWM1_Duty                     text5        0949
_PWM1_Start                    text30       0803
_PWM2_Duty                     text20       0865
_PWM2_Start                    text29       0007
_PWM_Init                      text26       12F5
_RB0                           (abs)        0030
_RB1                           (abs)        0031
_RB2                           (abs)        0032
_RB3                           (abs)        0033
_T2CKPS0                       (abs)        0090
_T2CKPS1                       (abs)        0091
_TMR2ON                        (abs)        0092
_TRISA                         (abs)        0085
_TRISB                         (abs)        0086
_TRISC                         (abs)        0087
_TRISC1                        (abs)        0439
_TRISC2                        (abs)        043A
_TRISD                         (abs)        0088
_TRISE                         (abs)        0089
__Habs1                        abs1         0000
__Hbank0                       bank0        0000
__Hbank1                       bank1        0000
__Hbank2                       bank2        0000
__Hbank3                       bank3        0000
__HbssBANK0                    bssBANK0     0000
__HbssBANK1                    bssBANK1     0000
__HbssBANK3                    bssBANK3     0000
__Hcinit                       cinit        0800
__Hclrtext                     clrtext      0000
__Hcode                        code         0000
__Hcommon                      common       0000
__Hconfig                      config       2008
__HcstackBANK0                 cstackBANK0  0000
__HcstackBANK1                 cstackBANK1  0000
__HcstackCOMMON                cstackCOMMON 0000
__HdataBANK1                   dataBANK1    0000
__Heeprom_data                 eeprom_data  0000
__Hend_init                    end_init     0003
__Hfunctab                     functab      0000
__HidataBANK1                  idataBANK1   0000
__Hinit                        init         0000
__Hinittext                    inittext     0000
__Hintentry                    intentry     0000
__Hmaintext                    maintext     0000
__Hpowerup                     powerup      0000
__Hram                         ram          0000
__Hreset_vec                   reset_vec    0000
__Hsfr0                        sfr0         0000
__Hsfr1                        sfr1         0000
__Hsfr2                        sfr2         0000
__Hsfr3                        sfr3         0000
__Hspace_0                     (abs)        1800
__Hspace_1                     (abs)        01CA
__Hspace_2                     (abs)        0000
__Hspace_3                     (abs)        0000
__Hspace_4                     (abs)        400F
__Hstack                       stack        0000
__Hstrings                     strings      0000
__Htext                        text         0000
__Labs1                        abs1         0000
__Lbank0                       bank0        0000
__Lbank1                       bank1        0000
__Lbank2                       bank2        0000
__Lbank3                       bank3        0000
__LbssBANK0                    bssBANK0     0000
__LbssBANK1                    bssBANK1     0000
__LbssBANK3                    bssBANK3     0000
__Lcinit                       cinit        07DB
__Lclrtext                     clrtext      0000
__Lcode                        code         0000
__Lcommon                      common       0000
__Lconfig                      config       0000
__LcstackBANK0                 cstackBANK0  0000
__LcstackBANK1                 cstackBANK1  0000
__LcstackCOMMON                cstackCOMMON 0000
__LdataBANK1                   dataBANK1    0000
__Leeprom_data                 eeprom_data  0000
__Lend_init                    end_init     0000
__Lfunctab                     functab      0000
__LidataBANK1                  idataBANK1   0000
__Linit                        init         0000
__Linittext                    inittext     0000
__Lintentry                    intentry     0000
__Lmaintext                    maintext     0000
__Lpowerup                     powerup      0000
__Lram                         ram          0000
__Lreset_vec                   reset_vec    0000
__Lsfr0                        sfr0         0000
__Lsfr1                        sfr1         0000
__Lsfr2                        sfr2         0000
__Lsfr3                        sfr3         0000
__Lspace_0                     (abs)        0000
__Lspace_1                     (abs)        0000
__Lspace_2                     (abs)        0000
__Lspace_3                     (abs)        0000
__Lspace_4                     (abs)        0000
__Lstack                       stack        0000
__Lstrings                     strings      0000
__Ltext                        text         0000
__S0                           (abs)        1800
__S1                           (abs)        01CA
__S2                           (abs)        0000
__S3                           (abs)        0000
__Umul8_16                     text24       1204
__Umul8_16@multiplicand        cstackCOMMON 0070
__Umul8_16@multiplier          cstackCOMMON 0078
__Umul8_16@product             cstackCOMMON 0074
__Umul8_16@word_mpld           cstackCOMMON 0076
___aldiv                       text27       1476
___aldiv@counter               cstackBANK0  0020
___aldiv@dividend              cstackCOMMON 0074
___aldiv@divisor               cstackCOMMON 0070
___aldiv@quotient              cstackBANK0  0022
___aldiv@sign                  cstackBANK0  0021
___awdiv                       text16       0012
___awdiv@counter               cstackBANK0  0020
___awdiv@dividend              cstackCOMMON 0079
___awdiv@divisor               cstackCOMMON 0077
___awdiv@quotient              cstackBANK0  0022
___awdiv@sign                  cstackBANK0  0021
___awmod                       text15       080C
___awmod@counter               cstackCOMMON 0075
___awmod@dividend              cstackCOMMON 0072
___awmod@divisor               cstackCOMMON 0070
___awmod@sign                  cstackCOMMON 0076
___fladd                       text4        0D78
___fladd@a                     cstackBANK0  005A
___fladd@aexp                  cstackBANK0  0067
___fladd@b                     cstackBANK0  0056
___fladd@bexp                  cstackBANK0  0068
___fladd@grs                   cstackBANK0  0069
___fladd@signs                 cstackBANK0  0066
___fldiv                       text25       0B15
___fldiv@a                     cstackBANK1  00A8
___fldiv@aexp                  cstackBANK1  00BC
___fldiv@b                     cstackBANK1  00AC
___fldiv@bexp                  cstackBANK1  00BB
___fldiv@grs                   cstackBANK1  00B7
___fldiv@new_exp               cstackBANK1  00B5
___fldiv@rem                   cstackBANK1  00B0
___fldiv@sign                  cstackBANK1  00B4
___flmul                       text23       007B
___flmul@a                     cstackBANK0  0040
___flmul@aexp                  cstackBANK0  004E
___flmul@b                     cstackBANK0  003C
___flmul@bexp                  cstackBANK0  004F
___flmul@grs                   cstackBANK0  004A
___flmul@prod                  cstackBANK0  0050
___flmul@sign                  cstackBANK0  0049
___flmul@temp                  cstackBANK0  0054
___flsub                       text3        13AA
___flsub@a                     cstackBANK1  00A0
___flsub@b                     cstackBANK1  00A4
___fltol                       text22       13FA
___fltol@exp1                  cstackBANK0  002B
___fltol@f1                    cstackBANK0  0026
___fltol@sign1                 cstackBANK0  002A
___int_sp                      stack        0000
___latbits                     (abs)        0002
___lwdiv                       text10       1366
___lwdiv@counter               cstackCOMMON 0077
___lwdiv@dividend              cstackCOMMON 0072
___lwdiv@divisor               cstackCOMMON 0070
___lwdiv@quotient              cstackCOMMON 0075
___lwmod                       text9        132C
___lwmod@counter               cstackCOMMON 007D
___lwmod@dividend              cstackCOMMON 007A
___lwmod@divisor               cstackCOMMON 0078
___sp                          stack        0000
___stackhi                     (abs)        0000
___stacklo                     (abs)        0000
___wmul                        text2        11DF
___wmul@multiplicand           cstackCOMMON 0077
___wmul@multiplier             cstackCOMMON 0075
___wmul@product                cstackCOMMON 0079
___xxtofl                      text21       15B0
___xxtofl@arg                  cstackBANK0  0038
___xxtofl@exp                  cstackBANK0  0037
___xxtofl@sign                 cstackBANK0  0036
___xxtofl@val                  cstackBANK0  002E
__end_of_ADC_Init              text31       1190
__end_of_ADC_Read              text28       128A
__end_of_PWM1_Duty             text5        0A2D
__end_of_PWM1_Start            text30       080C
__end_of_PWM2_Duty             text20       0949
__end_of_PWM2_Start            text29       0012
__end_of_PWM_Init              text26       132C
__end_of__Umul8_16             text24       122B
__end_of___aldiv               text27       1513
__end_of___awdiv               text16       007B
__end_of___awmod               text15       0865
__end_of___fladd               text4        1000
__end_of___fldiv               text25       0D78
__end_of___flmul               text23       03DC
__end_of___flsub               text3        13FA
__end_of___fltol               text22       1476
__end_of___lwdiv               text10       13AA
__end_of___lwmod               text9        1366
__end_of___wmul                text2        1204
__end_of___xxtofl              text21       166C
__end_of__initialization       cinit        07FC
__end_of__stringtab            strings      1010
__end_of_controlarCooler       text18       12BF
__end_of_controlarValores      text17       15B0
__end_of_controleMaximoMinimo  text19       11DF
__end_of_dpowers               strings      101A
__end_of_imprimirValoresLcd    text7        1800
__end_of_lcd_cmd               text13       11A0
__end_of_lcd_dat               text12       11B0
__end_of_lcd_init              text6        12F5
__end_of_lcd_str               text11       1256
__end_of_lcd_wr                text14       1177
__end_of_main                  maintext     1728
__end_of_realizarCalculo       text1        07DB
__end_of_sprintf               text8        0B15
__initialization               cinit        07DB
__pbssBANK0                    bssBANK0     006F
__pbssBANK1                    bssBANK1     00D9
__pbssBANK3                    bssBANK3     0190
__pcstackBANK0                 cstackBANK0  0020
__pcstackBANK1                 cstackBANK1  00A0
__pcstackCOMMON                cstackCOMMON 0070
__pdataBANK1                   dataBANK1    00E8
__pidataBANK1                  idataBANK1   117F
__pmaintext                    maintext     166C
__pstrings                     strings      1000
__ptext1                       text1        03DC
__ptext10                      text10       1366
__ptext11                      text11       122B
__ptext12                      text12       11A0
__ptext13                      text13       1190
__ptext14                      text14       1171
__ptext15                      text15       080C
__ptext16                      text16       0012
__ptext17                      text17       1513
__ptext18                      text18       128A
__ptext19                      text19       11C3
__ptext2                       text2        11DF
__ptext20                      text20       0865
__ptext21                      text21       15B0
__ptext22                      text22       13FA
__ptext23                      text23       007B
__ptext24                      text24       1204
__ptext25                      text25       0B15
__ptext26                      text26       12F5
__ptext27                      text27       1476
__ptext28                      text28       1256
__ptext29                      text29       0007
__ptext3                       text3        13AA
__ptext30                      text30       0803
__ptext31                      text31       1187
__ptext4                       text4        0D78
__ptext5                       text5        0949
__ptext6                       text6        12BF
__ptext7                       text7        1728
__ptext8                       text8        0A2D
__ptext9                       text9        132C
__size_of_ADC_Init             (abs)        0000
__size_of_ADC_Read             (abs)        0000
__size_of_PWM1_Duty            (abs)        0000
__size_of_PWM1_Start           (abs)        0000
__size_of_PWM2_Duty            (abs)        0000
__size_of_PWM2_Start           (abs)        0000
__size_of_PWM_Init             (abs)        0000
__size_of__Umul8_16            (abs)        0000
__size_of___aldiv              (abs)        0000
__size_of___awdiv              (abs)        0000
__size_of___awmod              (abs)        0000
__size_of___fladd              (abs)        0000
__size_of___fldiv              (abs)        0000
__size_of___flmul              (abs)        0000
__size_of___flsub              (abs)        0000
__size_of___fltol              (abs)        0000
__size_of___lwdiv              (abs)        0000
__size_of___lwmod              (abs)        0000
__size_of___wmul               (abs)        0000
__size_of___xxtofl             (abs)        0000
__size_of_controlarCooler      (abs)        0000
__size_of_controlarValores     (abs)        0000
__size_of_controleMaximoMinimo (abs)        0000
__size_of_imprimirValoresLcd   (abs)        0000
__size_of_lcd_cmd              (abs)        0000
__size_of_lcd_dat              (abs)        0000
__size_of_lcd_init             (abs)        0000
__size_of_lcd_str              (abs)        0000
__size_of_lcd_wr               (abs)        0000
__size_of_main                 (abs)        0000
__size_of_realizarCalculo      (abs)        0000
__size_of_sprintf              (abs)        0000
__stringbase                   strings      100F
__stringtab                    strings      1000
_controlarCooler               text18       128A
_controlarValores              text17       1513
_controleMaximoMinimo          text19       11C3
_derivativo                    bssBANK3     0194
_dpowers                       strings      1010
_erro                          bssBANK3     01A0
_imprimirValoresLcd            text7        1728
_integral                      bssBANK3     0198
_kd                            bssBANK1     00DD
_ki                            dataBANK1    00E8
_kp                            dataBANK1    00EA
_kpReferencia                  bssBANK3     01A8
_lcd_cmd                       text13       1190
_lcd_dat                       text12       11A0
_lcd_init                      text6        12BF
_lcd_str                       text11       122B
_lcd_wr                        text14       1171
_main                          maintext     166C
_menu                          dataBANK1    00EE
_proporcional                  bssBANK3     019C
_realizarCalculo               text1        03DC
_realizarCalculo$845           cstackBANK1  00CB
_realizarCalculo$846           cstackBANK1  00CF
_realizarCalculo$847           cstackBANK1  00D3
_realizarCalculo$848           cstackBANK1  00D7
_setPoint                      dataBANK1    00EC
_setPointReferencia            bssBANK1     00DF
_sprintf                       text8        0A2D
_string                        bssBANK3     01AA
_temperatura                   bssBANK1     00D9
_temperaturaReferencia         bssBANK3     01A4
btemp                          (abs)        007E
clear_ram0                     clrtext      1177
controlarCooler@cooler         cstackBANK1  00C3
controlarValores@S1Anterior    bssBANK1     00E7
controlarValores@S1Atual       bssBANK0     006F
controlarValores@S2Anterior    bssBANK1     00E6
controlarValores@S2Atual       bssBANK1     00E5
controlarValores@S3Anterior    bssBANK1     00E4
controlarValores@S3Atual       bssBANK1     00E3
controlarValores@S4Anterior    bssBANK1     00E2
controlarValores@S4Atual       bssBANK1     00E1
controleMaximoMinimo@valor     cstackBANK0  002C
end_of_initialization          cinit        07FC
imprimirValoresLcd@centena     cstackBANK0  0030
imprimirValoresLcd@milhar      cstackBANK0  002E
init_fetch0                    inittext     11B0
init_ram0                      inittext     11B4
intlevel0                      functab      0000
intlevel1                      functab      0000
intlevel2                      functab      0000
intlevel3                      functab      0000
intlevel4                      functab      0000
intlevel5                      functab      0000
lcd_cmd@val                    cstackCOMMON 0071
lcd_dat@val                    cstackCOMMON 0071
lcd_str@i                      cstackCOMMON 0075
lcd_str@str                    cstackCOMMON 0072
lcd_wr@val                     cstackCOMMON 0070
reset_vec                      reset_vec    0000
sprintf@ap                     cstackBANK0  0026
sprintf@c                      cstackBANK0  002C
sprintf@f                      cstackBANK0  0020
sprintf@flag                   cstackBANK0  0027
sprintf@prec                   cstackBANK0  0028
sprintf@sp                     cstackBANK0  002B
sprintf@val                    cstackBANK0  0029
start                          init         0000
start_initialization           cinit        07DB
wtemp0                         (abs)        007E


MODULE INFORMATION

Module		Function		Class		Link	Load	Size
C:\Program Files\Microchip\xc8\v2.32\pic\sources\c90\common\sprcadd.c
		___flsub       		CODE           	13AA	0000	80
		___fladd       		CODE           	0D78	0000	648

C:\Program Files\Microchip\xc8\v2.32\pic\sources\c90\common\sprcadd.c estimated size: 728

C:\Program Files\Microchip\xc8\v2.32\pic\sources\c90\common\xxtofl.c
		___xxtofl      		CODE           	15B0	0000	188

C:\Program Files\Microchip\xc8\v2.32\pic\sources\c90\common\xxtofl.c estimated size: 188

C:\Program Files\Microchip\xc8\v2.32\pic\sources\c90\common\Umul8_16.c
		__Umul8_16     		CODE           	1204	0000	39

C:\Program Files\Microchip\xc8\v2.32\pic\sources\c90\common\Umul8_16.c estimated size: 39

adc.c
		_ADC_Read      		CODE           	1256	0000	52
		_ADC_Init      		CODE           	1187	0000	9

adc.c estimated size: 61

C:\Program Files\Microchip\xc8\v2.32\pic\sources\c90\common\lwmod.c
		___lwmod       		CODE           	132C	0000	58

C:\Program Files\Microchip\xc8\v2.32\pic\sources\c90\common\lwmod.c estimated size: 58

C:\Program Files\Microchip\xc8\v2.32\pic\sources\c90\common\awmod.c
		___awmod       		CODE           	080C	0000	89

C:\Program Files\Microchip\xc8\v2.32\pic\sources\c90\common\awmod.c estimated size: 89

PWM.c
		_PWM1_Start    		CODE           	0803	0000	9
		_PWM2_Start    		CODE           	0007	0000	11
		_PWM1_Duty     		CODE           	0949	0000	228
		_PWM2_Duty     		CODE           	0865	0000	228
		_PWM_Init      		CODE           	12F5	0000	55

PWM.c estimated size: 531

shared
		__stringtab    		STRING         	1000	0000	16
		_dpowers       		STRING         	1010	0000	10
		__initialization		CODE           	07DB	0000	33

shared estimated size: 59

C:\Program Files\Microchip\xc8\v2.32\pic\sources\c90\common\sprcmul.c
		___flmul       		CODE           	007B	0000	865

C:\Program Files\Microchip\xc8\v2.32\pic\sources\c90\common\sprcmul.c estimated size: 865

C:\Program Files\Microchip\xc8\v2.32\pic\sources\c90\common\sprcdiv.c
		___fldiv       		CODE           	0B15	0000	611

C:\Program Files\Microchip\xc8\v2.32\pic\sources\c90\common\sprcdiv.c estimated size: 611

lcd.c
		_lcd_cmd       		CODE           	1190	0000	16
		_lcd_dat       		CODE           	11A0	0000	16
		_lcd_wr        		CODE           	1171	0000	6
		_lcd_str       		CODE           	122B	0000	43
		_lcd_init      		CODE           	12BF	0000	54

lcd.c estimated size: 135

C:\Program Files\Microchip\xc8\v2.32\pic\sources\c90\common\doprnt.c
		_sprintf       		CODE           	0A2D	0000	232

C:\Program Files\Microchip\xc8\v2.32\pic\sources\c90\common\doprnt.c estimated size: 232

C:\Program Files\Microchip\xc8\v2.32\pic\sources\c90\common\lwdiv.c
		___lwdiv       		CODE           	1366	0000	68

C:\Program Files\Microchip\xc8\v2.32\pic\sources\c90\common\lwdiv.c estimated size: 68

C:\Program Files\Microchip\xc8\v2.32\pic\sources\c90\common\awdiv.c
		___awdiv       		CODE           	0012	0000	105

C:\Program Files\Microchip\xc8\v2.32\pic\sources\c90\common\awdiv.c estimated size: 105

C:\Program Files\Microchip\xc8\v2.32\pic\sources\c90\common\Umul16.c
		___wmul        		CODE           	11DF	0000	37

C:\Program Files\Microchip\xc8\v2.32\pic\sources\c90\common\Umul16.c estimated size: 37

main.c
		_controleMaximoMinimo		CODE           	11C3	0000	28
		_imprimirValoresLcd		CODE           	1728	0000	216
		_realizarCalculo		CODE           	03DC	0000	1023
		_main          		CODE           	166C	0000	188
		_controlarValores		CODE           	1513	0000	157
		_controlarCooler		CODE           	128A	0000	53

main.c estimated size: 1665

C:\Program Files\Microchip\xc8\v2.32\pic\sources\c90\common\fltol.c
		___fltol       		CODE           	13FA	0000	124

C:\Program Files\Microchip\xc8\v2.32\pic\sources\c90\common\fltol.c estimated size: 124

C:\Program Files\Microchip\xc8\v2.32\pic\sources\c90\common\aldiv.c
		___aldiv       		CODE           	1476	0000	157

C:\Program Files\Microchip\xc8\v2.32\pic\sources\c90\common\aldiv.c estimated size: 157

